02-03 18:23:47.255 12838 12861 I TestRunner: started: order_reset_after_cancel_from_accompaniment_menu(com.example.lunchtray.OrderFunctionalityTests)
02-03 18:23:47.262 12838 12861 W Settings: Setting always_finish_activities has moved from android.provider.Settings.System to android.provider.Settings.Global, returning read-only value.
02-03 18:23:47.278   811   937 D SplashScreenView: Build android.window.SplashScreenView{67998fb V.E...... ......ID 0,0-0,0}
02-03 18:23:47.278   811   937 D SplashScreenView: Icon: view: null drawable: null size: 0
02-03 18:23:47.278   811   937 D SplashScreenView: Branding: view: android.view.View{b84cd18 G.ED..... ......I. 0,0-0,0 #10204db android:id/splashscreen_branding_view} drawable: null size w: 0 h: 0
02-03 18:23:47.282   442   483 W TransactionTracing: Could not find layer id -1
02-03 18:23:47.287 12838 12838 D LifecycleMonitor: Lifecycle status change: androidx.test.core.app.InstrumentationActivityInvoker$BootstrapActivity@44368cc in: PRE_ON_CREATE
02-03 18:23:47.288 12838 12838 V ActivityScenario: Activity lifecycle changed event received but ignored because the intent does not match. startActivityIntent=Intent { act=android.intent.action.MAIN cat=[android.intent.category.LAUNCHER] cmp=com.example.lunchtray/androidx.fragment.app.testing.FragmentScenario$EmptyFragmentActivity (has extras) }, activity.getIntent()=Intent { act=android.intent.action.MAIN cat=[android.intent.category.LAUNCHER] flg=0x10008000 cmp=com.example.lunchtray/androidx.test.core.app.InstrumentationActivityInvoker$BootstrapActivity (has extras) }, activity=androidx.test.core.app.InstrumentationActivityInvoker$BootstrapActivity@44368cc
02-03 18:23:47.288 12838 12838 V ActivityScenario: Activity lifecycle changed event received but ignored because the intent does not match. startActivityIntent=Intent { act=android.intent.action.MAIN cat=[android.intent.category.LAUNCHER] cmp=com.example.lunchtray/.MainActivity }, activity.getIntent()=Intent { act=android.intent.action.MAIN cat=[android.intent.category.LAUNCHER] flg=0x10008000 cmp=com.example.lunchtray/androidx.test.core.app.InstrumentationActivityInvoker$BootstrapActivity (has extras) }, activity=androidx.test.core.app.InstrumentationActivityInvoker$BootstrapActivity@44368cc
02-03 18:23:47.294 12838 12838 D LifecycleMonitor: Lifecycle status change: androidx.test.core.app.InstrumentationActivityInvoker$BootstrapActivity@44368cc in: CREATED
02-03 18:23:47.294 12838 12838 V ActivityScenario: Activity lifecycle changed event received but ignored because the intent does not match. startActivityIntent=Intent { act=android.intent.action.MAIN cat=[android.intent.category.LAUNCHER] cmp=com.example.lunchtray/androidx.fragment.app.testing.FragmentScenario$EmptyFragmentActivity (has extras) }, activity.getIntent()=Intent { act=android.intent.action.MAIN cat=[android.intent.category.LAUNCHER] flg=0x10008000 cmp=com.example.lunchtray/androidx.test.core.app.InstrumentationActivityInvoker$BootstrapActivity (has extras) }, activity=androidx.test.core.app.InstrumentationActivityInvoker$BootstrapActivity@44368cc
02-03 18:23:47.294 12838 12838 V ActivityScenario: Activity lifecycle changed event received but ignored because the intent does not match. startActivityIntent=Intent { act=android.intent.action.MAIN cat=[android.intent.category.LAUNCHER] cmp=com.example.lunchtray/.MainActivity }, activity.getIntent()=Intent { act=android.intent.action.MAIN cat=[android.intent.category.LAUNCHER] flg=0x10008000 cmp=com.example.lunchtray/androidx.test.core.app.InstrumentationActivityInvoker$BootstrapActivity (has extras) }, activity=androidx.test.core.app.InstrumentationActivityInvoker$BootstrapActivity@44368cc
02-03 18:23:47.295 12838 12838 D LifecycleMonitor: Lifecycle status change: androidx.test.core.app.InstrumentationActivityInvoker$BootstrapActivity@44368cc in: STARTED
02-03 18:23:47.295 12838 12838 V ActivityScenario: Activity lifecycle changed event received but ignored because the intent does not match. startActivityIntent=Intent { act=android.intent.action.MAIN cat=[android.intent.category.LAUNCHER] cmp=com.example.lunchtray/androidx.fragment.app.testing.FragmentScenario$EmptyFragmentActivity (has extras) }, activity.getIntent()=Intent { act=android.intent.action.MAIN cat=[android.intent.category.LAUNCHER] flg=0x10008000 cmp=com.example.lunchtray/androidx.test.core.app.InstrumentationActivityInvoker$BootstrapActivity (has extras) }, activity=androidx.test.core.app.InstrumentationActivityInvoker$BootstrapActivity@44368cc
02-03 18:23:47.296 12838 12838 V ActivityScenario: Activity lifecycle changed event received but ignored because the intent does not match. startActivityIntent=Intent { act=android.intent.action.MAIN cat=[android.intent.category.LAUNCHER] cmp=com.example.lunchtray/.MainActivity }, activity.getIntent()=Intent { act=android.intent.action.MAIN cat=[android.intent.category.LAUNCHER] flg=0x10008000 cmp=com.example.lunchtray/androidx.test.core.app.InstrumentationActivityInvoker$BootstrapActivity (has extras) }, activity=androidx.test.core.app.InstrumentationActivityInvoker$BootstrapActivity@44368cc
02-03 18:23:47.299 12838 12838 D LifecycleMonitor: Lifecycle status change: androidx.test.core.app.InstrumentationActivityInvoker$BootstrapActivity@44368cc in: RESUMED
02-03 18:23:47.299 12838 12838 V ActivityScenario: Activity lifecycle changed event received but ignored because the intent does not match. startActivityIntent=Intent { act=android.intent.action.MAIN cat=[android.intent.category.LAUNCHER] cmp=com.example.lunchtray/androidx.fragment.app.testing.FragmentScenario$EmptyFragmentActivity (has extras) }, activity.getIntent()=Intent { act=android.intent.action.MAIN cat=[android.intent.category.LAUNCHER] flg=0x10008000 cmp=com.example.lunchtray/androidx.test.core.app.InstrumentationActivityInvoker$BootstrapActivity (has extras) }, activity=androidx.test.core.app.InstrumentationActivityInvoker$BootstrapActivity@44368cc
02-03 18:23:47.300 12838 12838 V ActivityScenario: Activity lifecycle changed event received but ignored because the intent does not match. startActivityIntent=Intent { act=android.intent.action.MAIN cat=[android.intent.category.LAUNCHER] cmp=com.example.lunchtray/.MainActivity }, activity.getIntent()=Intent { act=android.intent.action.MAIN cat=[android.intent.category.LAUNCHER] flg=0x10008000 cmp=com.example.lunchtray/androidx.test.core.app.InstrumentationActivityInvoker$BootstrapActivity (has extras) }, activity=androidx.test.core.app.InstrumentationActivityInvoker$BootstrapActivity@44368cc
02-03 18:23:47.301 12838 12838 D LifecycleMonitor: Lifecycle status change: androidx.test.core.app.InstrumentationActivityInvoker$BootstrapActivity@44368cc in: PAUSED
02-03 18:23:47.301 12838 12838 V ActivityScenario: Activity lifecycle changed event received but ignored because the intent does not match. startActivityIntent=Intent { act=android.intent.action.MAIN cat=[android.intent.category.LAUNCHER] cmp=com.example.lunchtray/androidx.fragment.app.testing.FragmentScenario$EmptyFragmentActivity (has extras) }, activity.getIntent()=Intent { act=android.intent.action.MAIN cat=[android.intent.category.LAUNCHER] flg=0x10008000 cmp=com.example.lunchtray/androidx.test.core.app.InstrumentationActivityInvoker$BootstrapActivity (has extras) }, activity=androidx.test.core.app.InstrumentationActivityInvoker$BootstrapActivity@44368cc
02-03 18:23:47.301 12838 12838 V ActivityScenario: Activity lifecycle changed event received but ignored because the intent does not match. startActivityIntent=Intent { act=android.intent.action.MAIN cat=[android.intent.category.LAUNCHER] cmp=com.example.lunchtray/.MainActivity }, activity.getIntent()=Intent { act=android.intent.action.MAIN cat=[android.intent.category.LAUNCHER] flg=0x10008000 cmp=com.example.lunchtray/androidx.test.core.app.InstrumentationActivityInvoker$BootstrapActivity (has extras) }, activity=androidx.test.core.app.InstrumentationActivityInvoker$BootstrapActivity@44368cc
02-03 18:23:47.317 12838 12838 D LifecycleMonitor: Lifecycle status change: com.example.lunchtray.MainActivity@e7d56ce in: PRE_ON_CREATE
02-03 18:23:47.317 12838 12838 V ActivityScenario: Activity lifecycle changed event received but ignored because the intent does not match. startActivityIntent=Intent { act=android.intent.action.MAIN cat=[android.intent.category.LAUNCHER] cmp=com.example.lunchtray/androidx.fragment.app.testing.FragmentScenario$EmptyFragmentActivity (has extras) }, activity.getIntent()=Intent { act=android.intent.action.MAIN cat=[android.intent.category.LAUNCHER] cmp=com.example.lunchtray/.MainActivity }, activity=com.example.lunchtray.MainActivity@e7d56ce
02-03 18:23:47.317 12838 12838 V ActivityScenario: Activity lifecycle changed event received but ignored because the reported transition was not ON_CREATE while the last known transition was PRE_ON_CREATE
02-03 18:23:47.380  1712  1712 I GsaVoiceInteractionSrv: Handling ACTION_STOP_HOTWORD
02-03 18:23:47.381  1712  2398 E HwDetectorWithState: a: 3
02-03 18:23:47.391 12838 12838 W ample.lunchtray: Accessing hidden method Landroid/view/View;->computeFitSystemWindows(Landroid/graphics/Rect;Landroid/graphics/Rect;)Z (unsupported, reflection, allowed)
02-03 18:23:47.392 12838 12838 W ample.lunchtray: Accessing hidden method Landroid/view/ViewGroup;->makeOptionalFitsSystemWindows()V (unsupported, reflection, allowed)
02-03 18:23:47.396 12838 12838 D LifecycleMonitor: Lifecycle status change: com.example.lunchtray.MainActivity@e7d56ce in: CREATED
02-03 18:23:47.396 12838 12838 V ActivityScenario: Activity lifecycle changed event received but ignored because the intent does not match. startActivityIntent=Intent { act=android.intent.action.MAIN cat=[android.intent.category.LAUNCHER] cmp=com.example.lunchtray/androidx.fragment.app.testing.FragmentScenario$EmptyFragmentActivity (has extras) }, activity.getIntent()=Intent { act=android.intent.action.MAIN cat=[android.intent.category.LAUNCHER] cmp=com.example.lunchtray/.MainActivity }, activity=com.example.lunchtray.MainActivity@e7d56ce
02-03 18:23:47.397 12838 12838 V ActivityScenario: Update currentActivityStage to CREATED, currentActivity=com.example.lunchtray.MainActivity@e7d56ce
02-03 18:23:47.408   811   937 D SplashScreenView: Build android.window.SplashScreenView{d9c2730 V.E...... ......ID 0,0-0,0}
02-03 18:23:47.408   811   937 D SplashScreenView: Icon: view: null drawable: null size: 0
02-03 18:23:47.408   811   937 D SplashScreenView: Branding: view: android.view.View{e8d7fa9 G.ED..... ......I. 0,0-0,0 #10204db android:id/splashscreen_branding_view} drawable: null size w: 0 h: 0
02-03 18:23:47.418 12838 12838 D LifecycleMonitor: Lifecycle status change: com.example.lunchtray.MainActivity@e7d56ce in: STARTED
02-03 18:23:47.418 12838 12838 V ActivityScenario: Activity lifecycle changed event received but ignored because the intent does not match. startActivityIntent=Intent { act=android.intent.action.MAIN cat=[android.intent.category.LAUNCHER] cmp=com.example.lunchtray/androidx.fragment.app.testing.FragmentScenario$EmptyFragmentActivity (has extras) }, activity.getIntent()=Intent { act=android.intent.action.MAIN cat=[android.intent.category.LAUNCHER] cmp=com.example.lunchtray/.MainActivity }, activity=com.example.lunchtray.MainActivity@e7d56ce
02-03 18:23:47.418 12838 12838 V ActivityScenario: Update currentActivityStage to STARTED, currentActivity=com.example.lunchtray.MainActivity@e7d56ce
02-03 18:23:47.419 12838 12838 D LifecycleMonitor: Lifecycle status change: com.example.lunchtray.MainActivity@e7d56ce in: RESUMED
02-03 18:23:47.420 12838 12838 V ActivityScenario: Activity lifecycle changed event received but ignored because the intent does not match. startActivityIntent=Intent { act=android.intent.action.MAIN cat=[android.intent.category.LAUNCHER] cmp=com.example.lunchtray/androidx.fragment.app.testing.FragmentScenario$EmptyFragmentActivity (has extras) }, activity.getIntent()=Intent { act=android.intent.action.MAIN cat=[android.intent.category.LAUNCHER] cmp=com.example.lunchtray/.MainActivity }, activity=com.example.lunchtray.MainActivity@e7d56ce
02-03 18:23:47.420 12838 12838 V ActivityScenario: Update currentActivityStage to RESUMED, currentActivity=com.example.lunchtray.MainActivity@e7d56ce
02-03 18:23:47.426 12838 12838 D LifecycleMonitor: Lifecycle status change: androidx.test.core.app.InstrumentationActivityInvoker$BootstrapActivity@44368cc in: STOPPED
02-03 18:23:47.426 12838 12838 V ActivityScenario: Activity lifecycle changed event received but ignored because the intent does not match. startActivityIntent=Intent { act=android.intent.action.MAIN cat=[android.intent.category.LAUNCHER] cmp=com.example.lunchtray/androidx.fragment.app.testing.FragmentScenario$EmptyFragmentActivity (has extras) }, activity.getIntent()=Intent { act=android.intent.action.MAIN cat=[android.intent.category.LAUNCHER] flg=0x10008000 cmp=com.example.lunchtray/androidx.test.core.app.InstrumentationActivityInvoker$BootstrapActivity (has extras) }, activity=androidx.test.core.app.InstrumentationActivityInvoker$BootstrapActivity@44368cc
02-03 18:23:47.426 12838 12838 V ActivityScenario: Activity lifecycle changed event received but ignored because the intent does not match. startActivityIntent=Intent { act=android.intent.action.MAIN cat=[android.intent.category.LAUNCHER] cmp=com.example.lunchtray/.MainActivity }, activity.getIntent()=Intent { act=android.intent.action.MAIN cat=[android.intent.category.LAUNCHER] flg=0x10008000 cmp=com.example.lunchtray/androidx.test.core.app.InstrumentationActivityInvoker$BootstrapActivity (has extras) }, activity=androidx.test.core.app.InstrumentationActivityInvoker$BootstrapActivity@44368cc
02-03 18:23:47.443   407   444 D goldfish-address-space: claimShared: Ask to claim region [0x3f1704000 0x3f20a8000]
02-03 18:23:47.445   407   444 D goldfish-address-space: claimShared: Ask to claim region [0x3f20a8000 0x3f2a4c000]
02-03 18:23:47.446   407   444 D goldfish-address-space: claimShared: Ask to claim region [0x3f2a4c000 0x3f33f0000]
02-03 18:23:47.452 12838 12863 W Parcel  : Expecting binder but got null!
02-03 18:23:47.456   608   629 W ziparchive: Unable to open '/data/app/~~H1IKnu5F9-DLteYoFe1Z2w==/com.example.lunchtray-OHatuIwYB00o5dQvqdXLDA==/base.dm': No such file or directory
02-03 18:23:47.456   608   629 I ActivityTaskManager: Displayed com.example.lunchtray/.MainActivity: +188ms
02-03 18:23:47.466 12838 12838 D RootViewPicker: Root not ready - waiting: 10ms for one to appear.
02-03 18:23:47.466   442   483 W TransactionTracing: Could not find layer id -1
02-03 18:23:47.477 12838 12838 D RootViewPicker: Root not ready - waiting: 25ms for one to appear.
02-03 18:23:47.543  1547  1547 I GoogleInputMethodService: GoogleInputMethodService.onFinishInput():3220
02-03 18:23:47.544  1547  1547 I GoogleInputMethodService: GoogleInputMethodService.updateDeviceLockedStatus():2114 repeatCheckTimes = 0, unlocked = true
02-03 18:23:47.545  1547  1547 I GoogleInputMethodService: GoogleInputMethodService.onStartInput():1919 onStartInput(EditorInfo{inputType=0x0(NULL) imeOptions=0x0 privateImeOptions=null actionName=UNSPECIFIED actionLabel=null actionId=0 initialSelStart=-1 initialSelEnd=-1 initialCapsMode=0x0 hintText=null label=null packageName=com.example.lunchtray fieldId=-1 fieldName=null extras=null}, false)
02-03 18:23:47.545  1547  1547 I GoogleInputMethodService: GoogleInputMethodService.updateDeviceLockedStatus():2114 repeatCheckTimes = 2, unlocked = true
02-03 18:23:47.565   442   483 W TransactionTracing: Could not find layer handle 0x75dd172ab390
02-03 18:23:47.615   442   483 W TransactionTracing: Could not find layer handle 0x75dd172af9b0
02-03 18:23:47.693 12838 12838 I ViewInteraction: Performing 'single click' action on view view.getId() is <2131231208/com.example.lunchtray:id/start_order_btn>
02-03 18:23:47.694  1184  1184 D TaplEvents: TIS / TouchInteractionService.onInputEvent: MotionEvent { action=ACTION_DOWN, actionButton=0, id[0]=0, x[0]=540.0, y[0]=1292.5, toolType[0]=TOOL_TYPE_UNKNOWN, buttonState=BUTTON_PRIMARY, classification=NONE, metaState=0, flags=0x0, edgeFlags=0x0, pointerCount=1, historySize=0, eventTime=51756498, downTime=51756497, deviceId=-1, source=0x1002, displayId=0, eventId=-600523595 }
02-03 18:23:47.696 12838 12838 D AutofillManager: Fill dialog is enabled:false, hints=[password, passwordAuto, creditCardNumber, creditCardSecurityCode, creditCardExpirationDate]
02-03 18:23:47.715   442   483 W TransactionTracing: Could not find layer id -1
02-03 18:23:47.766   442   483 W TransactionTracing: Could not find layer handle 0x75dd172b01f0
02-03 18:23:47.766   442   483 W TransactionTracing: Could not find layer handle 0x75dd172b0490
02-03 18:23:47.766   442   483 W TransactionTracing: Could not find layer handle 0x75dd172b0490
02-03 18:23:47.766   442   483 W TransactionTracing: Could not find layer handle 0x75dd172b01f0
02-03 18:23:47.766   442   483 W TransactionTracing: Could not find layer handle 0x75dd172b0490
02-03 18:23:47.766   442   483 W TransactionTracing: Could not find layer handle 0x75dd172b01f0
02-03 18:23:47.840  1184  1184 D TaplEvents: TIS / TouchInteractionService.onInputEvent: MotionEvent { action=ACTION_UP, actionButton=0, id[0]=0, x[0]=540.0, y[0]=1292.5, toolType[0]=TOOL_TYPE_FINGER, buttonState=BUTTON_PRIMARY, classification=NONE, metaState=0, flags=0x0, edgeFlags=0x0, pointerCount=1, historySize=0, eventTime=51756643, downTime=51756497, deviceId=-1, source=0x1002, displayId=0, eventId=-535424502 }
02-03 18:23:47.888 12838 12846 I ample.lunchtray: Compiler allocated 4160KB to compile void android.widget.TextView.<init>(android.content.Context, android.util.AttributeSet, int, int)
02-03 18:23:48.022   811   972 D EGL_emulation: app_time_stats: avg=1.76ms min=0.93ms max=10.67ms count=36
02-03 18:23:48.206 12838 12838 I ViewInteraction: Performing 'single click' action on view view.getId() is <2131230844/com.example.lunchtray:id/cauliflower>
02-03 18:23:48.208  1184  1184 D TaplEvents: TIS / TouchInteractionService.onInputEvent: MotionEvent { action=ACTION_DOWN, actionButton=0, id[0]=0, x[0]=206.0, y[0]=355.5, toolType[0]=TOOL_TYPE_UNKNOWN, buttonState=BUTTON_PRIMARY, classification=NONE, metaState=0, flags=0x0, edgeFlags=0x0, pointerCount=1, historySize=0, eventTime=51757011, downTime=51757011, deviceId=-1, source=0x1002, displayId=0, eventId=-703845934 }
02-03 18:23:48.249  1184  1184 D TaplEvents: TIS / TouchInteractionService.onInputEvent: MotionEvent { action=ACTION_UP, actionButton=0, id[0]=0, x[0]=206.0, y[0]=355.5, toolType[0]=TOOL_TYPE_FINGER, buttonState=BUTTON_PRIMARY, classification=NONE, metaState=0, flags=0x0, edgeFlags=0x0, pointerCount=1, historySize=0, eventTime=51757052, downTime=51757011, deviceId=-1, source=0x1002, displayId=0, eventId=-601664829 }
02-03 18:23:48.473 12838 12863 D EGL_emulation: app_time_stats: avg=10.66ms min=1.17ms max=180.87ms count=30
02-03 18:23:48.555 12838 12838 I ViewInteraction: Performing 'single click' action on view view.getId() is <2131231081/com.example.lunchtray:id/next_button>
02-03 18:23:48.556  1184  1184 D TaplEvents: TIS / TouchInteractionService.onInputEvent: MotionEvent { action=ACTION_DOWN, actionButton=0, id[0]=0, x[0]=798.5, y[0]=1788.5, toolType[0]=TOOL_TYPE_UNKNOWN, buttonState=BUTTON_PRIMARY, classification=NONE, metaState=0, flags=0x0, edgeFlags=0x0, pointerCount=1, historySize=0, eventTime=51757359, downTime=51757359, deviceId=-1, source=0x1002, displayId=0, eventId=-691802020 }
02-03 18:23:48.597  1184  1184 D TaplEvents: TIS / TouchInteractionService.onInputEvent: MotionEvent { action=ACTION_UP, actionButton=0, id[0]=0, x[0]=798.5, y[0]=1788.5, toolType[0]=TOOL_TYPE_FINGER, buttonState=BUTTON_PRIMARY, classification=NONE, metaState=0, flags=0x0, edgeFlags=0x0, pointerCount=1, historySize=0, eventTime=51757401, downTime=51757359, deviceId=-1, source=0x1002, displayId=0, eventId=-6124795 }
02-03 18:23:48.922 12838 12838 I ViewInteraction: Performing 'single click' action on view view.getId() is <2131231187/com.example.lunchtray:id/soup>
02-03 18:23:48.923  1184  1184 D TaplEvents: TIS / TouchInteractionService.onInputEvent: MotionEvent { action=ACTION_DOWN, actionButton=0, id[0]=0, x[0]=325.5, y[0]=686.5, toolType[0]=TOOL_TYPE_UNKNOWN, buttonState=BUTTON_PRIMARY, classification=NONE, metaState=0, flags=0x0, edgeFlags=0x0, pointerCount=1, historySize=0, eventTime=51757726, downTime=51757726, deviceId=-1, source=0x1002, displayId=0, eventId=-1036070922 }
02-03 18:23:48.964  1184  1184 D TaplEvents: TIS / TouchInteractionService.onInputEvent: MotionEvent { action=ACTION_UP, actionButton=0, id[0]=0, x[0]=325.5, y[0]=686.5, toolType[0]=TOOL_TYPE_FINGER, buttonState=BUTTON_PRIMARY, classification=NONE, metaState=0, flags=0x0, edgeFlags=0x0, pointerCount=1, historySize=0, eventTime=51757767, downTime=51757726, deviceId=-1, source=0x1002, displayId=0, eventId=-200983713 }
02-03 18:23:49.254 12838 12838 I ViewInteraction: Performing 'single click' action on view view.getId() is <2131231081/com.example.lunchtray:id/next_button>
02-03 18:23:49.255  1184  1184 D TaplEvents: TIS / TouchInteractionService.onInputEvent: MotionEvent { action=ACTION_DOWN, actionButton=0, id[0]=0, x[0]=798.5, y[0]=1742.5, toolType[0]=TOOL_TYPE_UNKNOWN, buttonState=BUTTON_PRIMARY, classification=NONE, metaState=0, flags=0x0, edgeFlags=0x0, pointerCount=1, historySize=0, eventTime=51758059, downTime=51758059, deviceId=-1, source=0x1002, displayId=0, eventId=-203714199 }
02-03 18:23:49.298  1184  1184 D TaplEvents: TIS / TouchInteractionService.onInputEvent: MotionEvent { action=ACTION_UP, actionButton=0, id[0]=0, x[0]=798.5, y[0]=1742.5, toolType[0]=TOOL_TYPE_FINGER, buttonState=BUTTON_PRIMARY, classification=NONE, metaState=0, flags=0x0, edgeFlags=0x0, pointerCount=1, historySize=0, eventTime=51758100, downTime=51758059, deviceId=-1, source=0x1002, displayId=0, eventId=-79517761 }
02-03 18:23:49.332   442   483 W TransactionTracing: Could not find layer id -1
02-03 18:23:49.379 12838 12846 I ample.lunchtray: Compiler allocated 4160KB to compile void android.widget.TextView.<init>(android.content.Context, android.util.AttributeSet, int, int)
02-03 18:23:49.621 12838 12838 I ViewInteraction: Performing 'single click' action on view view.getId() is <2131230835/com.example.lunchtray:id/bread>
02-03 18:23:49.623  1184  1184 D TaplEvents: TIS / TouchInteractionService.onInputEvent: MotionEvent { action=ACTION_DOWN, actionButton=0, id[0]=0, x[0]=196.0, y[0]=355.5, toolType[0]=TOOL_TYPE_UNKNOWN, buttonState=BUTTON_PRIMARY, classification=NONE, metaState=0, flags=0x0, edgeFlags=0x0, pointerCount=1, historySize=0, eventTime=51758426, downTime=51758426, deviceId=-1, source=0x1002, displayId=0, eventId=-862281706 }
02-03 18:23:49.664  1184  1184 D TaplEvents: TIS / TouchInteractionService.onInputEvent: MotionEvent { action=ACTION_UP, actionButton=0, id[0]=0, x[0]=196.0, y[0]=355.5, toolType[0]=TOOL_TYPE_FINGER, buttonState=BUTTON_PRIMARY, classification=NONE, metaState=0, flags=0x0, edgeFlags=0x0, pointerCount=1, historySize=0, eventTime=51758467, downTime=51758426, deviceId=-1, source=0x1002, displayId=0, eventId=-413635241 }
02-03 18:23:49.668 12838 12863 D EGL_emulation: app_time_stats: avg=13.74ms min=1.40ms max=196.09ms count=32
02-03 18:23:49.956 12838 12838 I ViewInteraction: Performing 'single click' action on view view.getId() is <2131230842/com.example.lunchtray:id/cancel_button>
02-03 18:23:49.957  1184  1184 D TaplEvents: TIS / TouchInteractionService.onInputEvent: MotionEvent { action=ACTION_DOWN, actionButton=0, id[0]=0, x[0]=280.5, y[0]=1411.5, toolType[0]=TOOL_TYPE_UNKNOWN, buttonState=BUTTON_PRIMARY, classification=NONE, metaState=0, flags=0x0, edgeFlags=0x0, pointerCount=1, historySize=0, eventTime=51758760, downTime=51758760, deviceId=-1, source=0x1002, displayId=0, eventId=-695745989 }
02-03 18:23:49.997  1184  1184 D TaplEvents: TIS / TouchInteractionService.onInputEvent: MotionEvent { action=ACTION_UP, actionButton=0, id[0]=0, x[0]=280.5, y[0]=1411.5, toolType[0]=TOOL_TYPE_FINGER, buttonState=BUTTON_PRIMARY, classification=NONE, metaState=0, flags=0x0, edgeFlags=0x0, pointerCount=1, historySize=0, eventTime=51758800, downTime=51758760, deviceId=-1, source=0x1002, displayId=0, eventId=-179911635 }
02-03 18:23:50.362   946  1229 D BtGatt.ScanManager: uid 10105 isForeground true scanMode -1
02-03 18:23:50.363   946  1229 D BtGatt.ScanManager: uid 10105 isForeground true scanMode -1
02-03 18:23:50.437 12838 12838 I ViewInteraction: Performing 'single click' action on view view.getId() is <2131231208/com.example.lunchtray:id/start_order_btn>
02-03 18:23:50.438  1184  1184 D TaplEvents: TIS / TouchInteractionService.onInputEvent: MotionEvent { action=ACTION_DOWN, actionButton=0, id[0]=0, x[0]=540.0, y[0]=1292.5, toolType[0]=TOOL_TYPE_UNKNOWN, buttonState=BUTTON_PRIMARY, classification=NONE, metaState=0, flags=0x0, edgeFlags=0x0, pointerCount=1, historySize=0, eventTime=51759241, downTime=51759241, deviceId=-1, source=0x1002, displayId=0, eventId=-954372905 }
02-03 18:23:50.480  1184  1184 D TaplEvents: TIS / TouchInteractionService.onInputEvent: MotionEvent { action=ACTION_UP, actionButton=0, id[0]=0, x[0]=540.0, y[0]=1292.5, toolType[0]=TOOL_TYPE_FINGER, buttonState=BUTTON_PRIMARY, classification=NONE, metaState=0, flags=0x0, edgeFlags=0x0, pointerCount=1, historySize=0, eventTime=51759283, downTime=51759241, deviceId=-1, source=0x1002, displayId=0, eventId=-716555978 }
02-03 18:23:50.673 12838 12863 D EGL_emulation: app_time_stats: avg=10.48ms min=1.20ms max=197.99ms count=30
02-03 18:23:50.790 12838 12838 I ViewInteraction: Checking 'MatchesViewAssertion{viewMatcher=(view has effective visibility <VISIBLE> and view.getGlobalVisibleRect() to return non-empty rectangle)}' assertion on view an instance of android.widget.TextView and view.getText() with or without transformation to match: is "Subtotal: $0.00"
02-03 18:23:50.790 12838 12861 I TestRunner: finished: order_reset_after_cancel_from_accompaniment_menu(com.example.lunchtray.OrderFunctionalityTests)
