02-03 18:24:05.076 12838 12861 I TestRunner: started: radio_buttons_update_accompaniment_menu_subtotal(com.example.lunchtray.OrderFunctionalityTests)
02-03 18:24:05.080 12838 12861 W Settings: Setting always_finish_activities has moved from android.provider.Settings.System to android.provider.Settings.Global, returning read-only value.
02-03 18:24:05.090   811   937 D SplashScreenView: Build android.window.SplashScreenView{3d49e V.E...... ......ID 0,0-0,0}
02-03 18:24:05.090   811   937 D SplashScreenView: Icon: view: null drawable: null size: 0
02-03 18:24:05.090   811   937 D SplashScreenView: Branding: view: android.view.View{c9ddb7f G.ED..... ......I. 0,0-0,0 #10204db android:id/splashscreen_branding_view} drawable: null size w: 0 h: 0
02-03 18:24:05.096 12838 12838 D LifecycleMonitor: Lifecycle status change: androidx.test.core.app.InstrumentationActivityInvoker$BootstrapActivity@fb88ca0 in: PRE_ON_CREATE
02-03 18:24:05.096 12838 12838 V ActivityScenario: Activity lifecycle changed event received but ignored because the intent does not match. startActivityIntent=Intent { act=android.intent.action.MAIN cat=[android.intent.category.LAUNCHER] cmp=com.example.lunchtray/androidx.fragment.app.testing.FragmentScenario$EmptyFragmentActivity (has extras) }, activity.getIntent()=Intent { act=android.intent.action.MAIN cat=[android.intent.category.LAUNCHER] flg=0x10008000 cmp=com.example.lunchtray/androidx.test.core.app.InstrumentationActivityInvoker$BootstrapActivity (has extras) }, activity=androidx.test.core.app.InstrumentationActivityInvoker$BootstrapActivity@fb88ca0
02-03 18:24:05.101 12838 12838 D LifecycleMonitor: Lifecycle status change: androidx.test.core.app.InstrumentationActivityInvoker$BootstrapActivity@fb88ca0 in: CREATED
02-03 18:24:05.102 12838 12838 V ActivityScenario: Activity lifecycle changed event received but ignored because the intent does not match. startActivityIntent=Intent { act=android.intent.action.MAIN cat=[android.intent.category.LAUNCHER] cmp=com.example.lunchtray/androidx.fragment.app.testing.FragmentScenario$EmptyFragmentActivity (has extras) }, activity.getIntent()=Intent { act=android.intent.action.MAIN cat=[android.intent.category.LAUNCHER] flg=0x10008000 cmp=com.example.lunchtray/androidx.test.core.app.InstrumentationActivityInvoker$BootstrapActivity (has extras) }, activity=androidx.test.core.app.InstrumentationActivityInvoker$BootstrapActivity@fb88ca0
02-03 18:24:05.103 12838 12838 D LifecycleMonitor: Lifecycle status change: androidx.test.core.app.InstrumentationActivityInvoker$BootstrapActivity@fb88ca0 in: STARTED
02-03 18:24:05.103 12838 12838 V ActivityScenario: Activity lifecycle changed event received but ignored because the intent does not match. startActivityIntent=Intent { act=android.intent.action.MAIN cat=[android.intent.category.LAUNCHER] cmp=com.example.lunchtray/androidx.fragment.app.testing.FragmentScenario$EmptyFragmentActivity (has extras) }, activity.getIntent()=Intent { act=android.intent.action.MAIN cat=[android.intent.category.LAUNCHER] flg=0x10008000 cmp=com.example.lunchtray/androidx.test.core.app.InstrumentationActivityInvoker$BootstrapActivity (has extras) }, activity=androidx.test.core.app.InstrumentationActivityInvoker$BootstrapActivity@fb88ca0
02-03 18:24:05.108 12838 12838 D LifecycleMonitor: Lifecycle status change: androidx.test.core.app.InstrumentationActivityInvoker$BootstrapActivity@fb88ca0 in: RESUMED
02-03 18:24:05.108 12838 12838 V ActivityScenario: Activity lifecycle changed event received but ignored because the intent does not match. startActivityIntent=Intent { act=android.intent.action.MAIN cat=[android.intent.category.LAUNCHER] cmp=com.example.lunchtray/androidx.fragment.app.testing.FragmentScenario$EmptyFragmentActivity (has extras) }, activity.getIntent()=Intent { act=android.intent.action.MAIN cat=[android.intent.category.LAUNCHER] flg=0x10008000 cmp=com.example.lunchtray/androidx.test.core.app.InstrumentationActivityInvoker$BootstrapActivity (has extras) }, activity=androidx.test.core.app.InstrumentationActivityInvoker$BootstrapActivity@fb88ca0
02-03 18:24:05.109 12838 12838 D LifecycleMonitor: Lifecycle status change: androidx.test.core.app.InstrumentationActivityInvoker$BootstrapActivity@fb88ca0 in: PAUSED
02-03 18:24:05.109 12838 12838 V ActivityScenario: Activity lifecycle changed event received but ignored because the intent does not match. startActivityIntent=Intent { act=android.intent.action.MAIN cat=[android.intent.category.LAUNCHER] cmp=com.example.lunchtray/androidx.fragment.app.testing.FragmentScenario$EmptyFragmentActivity (has extras) }, activity.getIntent()=Intent { act=android.intent.action.MAIN cat=[android.intent.category.LAUNCHER] flg=0x10008000 cmp=com.example.lunchtray/androidx.test.core.app.InstrumentationActivityInvoker$BootstrapActivity (has extras) }, activity=androidx.test.core.app.InstrumentationActivityInvoker$BootstrapActivity@fb88ca0
02-03 18:24:05.113 12838 12838 D LifecycleMonitor: Lifecycle status change: androidx.fragment.app.testing.FragmentScenario$EmptyFragmentActivity@fc078f6 in: PRE_ON_CREATE
02-03 18:24:05.114 12838 12838 V ActivityScenario: Activity lifecycle changed event received but ignored because the reported transition was not ON_CREATE while the last known transition was PRE_ON_CREATE
02-03 18:24:05.118 12838 12838 D LifecycleMonitor: Lifecycle status change: androidx.fragment.app.testing.FragmentScenario$EmptyFragmentActivity@fc078f6 in: CREATED
02-03 18:24:05.118 12838 12838 V ActivityScenario: Update currentActivityStage to CREATED, currentActivity=androidx.fragment.app.testing.FragmentScenario$EmptyFragmentActivity@fc078f6
02-03 18:24:05.119 12838 12838 D LifecycleMonitor: Lifecycle status change: androidx.fragment.app.testing.FragmentScenario$EmptyFragmentActivity@fc078f6 in: STARTED
02-03 18:24:05.119 12838 12838 V ActivityScenario: Update currentActivityStage to STARTED, currentActivity=androidx.fragment.app.testing.FragmentScenario$EmptyFragmentActivity@fc078f6
02-03 18:24:05.120 12838 12838 D LifecycleMonitor: Lifecycle status change: androidx.fragment.app.testing.FragmentScenario$EmptyFragmentActivity@fc078f6 in: RESUMED
02-03 18:24:05.120 12838 12838 V ActivityScenario: Update currentActivityStage to RESUMED, currentActivity=androidx.fragment.app.testing.FragmentScenario$EmptyFragmentActivity@fc078f6
02-03 18:24:05.125 12838 12838 D LifecycleMonitor: Lifecycle status change: androidx.test.core.app.InstrumentationActivityInvoker$BootstrapActivity@fb88ca0 in: STOPPED
02-03 18:24:05.125 12838 12838 V ActivityScenario: Activity lifecycle changed event received but ignored because the intent does not match. startActivityIntent=Intent { act=android.intent.action.MAIN cat=[android.intent.category.LAUNCHER] cmp=com.example.lunchtray/androidx.fragment.app.testing.FragmentScenario$EmptyFragmentActivity (has extras) }, activity.getIntent()=Intent { act=android.intent.action.MAIN cat=[android.intent.category.LAUNCHER] flg=0x10008000 cmp=com.example.lunchtray/androidx.test.core.app.InstrumentationActivityInvoker$BootstrapActivity (has extras) }, activity=androidx.test.core.app.InstrumentationActivityInvoker$BootstrapActivity@fb88ca0
02-03 18:24:05.139   407  7527 D goldfish-address-space: claimShared: Ask to claim region [0x3f20a8000 0x3f2a4c000]
02-03 18:24:05.143   407  7527 D goldfish-address-space: claimShared: Ask to claim region [0x3f2a4c000 0x3f33f0000]
02-03 18:24:05.146   407  7527 D goldfish-address-space: claimShared: Ask to claim region [0x3f33f0000 0x3f3d94000]
02-03 18:24:05.146 12838 12863 W Parcel  : Expecting binder but got null!
02-03 18:24:05.154 12838 12838 D AutofillManager: Fill dialog is enabled:false, hints=[password, passwordAuto, creditCardNumber, creditCardSecurityCode, creditCardExpirationDate]
02-03 18:24:05.156   608   629 W ziparchive: Unable to open '/data/app/~~H1IKnu5F9-DLteYoFe1Z2w==/com.example.lunchtray-OHatuIwYB00o5dQvqdXLDA==/base.dm': No such file or directory
02-03 18:24:05.158   608   629 I ActivityTaskManager: Displayed com.example.lunchtray/androidx.fragment.app.testing.FragmentScenario$EmptyFragmentActivity: +70ms
02-03 18:24:05.166   442   483 W TransactionTracing: Could not find layer id -1
02-03 18:24:05.192   811   937 D SplashScreenView: Build android.window.SplashScreenView{d4dbb77 V.E...... ......ID 0,0-0,0}
02-03 18:24:05.192   811   937 D SplashScreenView: Icon: view: null drawable: null size: 0
02-03 18:24:05.192   811   937 D SplashScreenView: Branding: view: android.view.View{e4143e4 G.ED..... ......I. 0,0-0,0 #10204db android:id/splashscreen_branding_view} drawable: null size w: 0 h: 0
02-03 18:24:05.193  1712  1712 I GsaVoiceInteractionSrv: Handling ACTION_STOP_HOTWORD
02-03 18:24:05.195  1712  2396 E HwDetectorWithState: a: 3
02-03 18:24:05.200 12838 12838 D RootViewPicker: Root not ready - waiting: 10ms for one to appear.
02-03 18:24:05.210 12838 12838 D RootViewPicker: Root not ready - waiting: 25ms for one to appear.
02-03 18:24:05.227  1547  1547 I GoogleInputMethodService: GoogleInputMethodService.onFinishInput():3220
02-03 18:24:05.228  1547  1547 I GoogleInputMethodService: GoogleInputMethodService.updateDeviceLockedStatus():2114 repeatCheckTimes = 0, unlocked = true
02-03 18:24:05.228  1547  1547 I GoogleInputMethodService: GoogleInputMethodService.onStartInput():1919 onStartInput(EditorInfo{inputType=0x0(NULL) imeOptions=0x0 privateImeOptions=null actionName=UNSPECIFIED actionLabel=null actionId=0 initialSelStart=-1 initialSelEnd=-1 initialCapsMode=0x0 hintText=null label=null packageName=com.example.lunchtray fieldId=-1 fieldName=null extras=null}, false)
02-03 18:24:05.229  1547  1547 I GoogleInputMethodService: GoogleInputMethodService.updateDeviceLockedStatus():2114 repeatCheckTimes = 2, unlocked = true
02-03 18:24:05.315   442   483 W TransactionTracing: Could not find layer handle 0x75dd172ab8d0
02-03 18:24:05.315   442   483 W TransactionTracing: Could not find layer id -1
02-03 18:24:05.315   442   483 W TransactionTracing: Could not find layer id -1
02-03 18:24:05.375 12838 12838 I ViewInteraction: Performing 'single click' action on view view.getId() is <2131230835/com.example.lunchtray:id/bread>
02-03 18:24:05.377  1184  1184 D TaplEvents: TIS / TouchInteractionService.onInputEvent: MotionEvent { action=ACTION_DOWN, actionButton=0, id[0]=0, x[0]=196.0, y[0]=179.5, toolType[0]=TOOL_TYPE_UNKNOWN, buttonState=BUTTON_PRIMARY, classification=NONE, metaState=0, flags=0x0, edgeFlags=0x0, pointerCount=1, historySize=0, eventTime=51774180, downTime=51774180, deviceId=-1, source=0x1002, displayId=0, eventId=-123940885 }
02-03 18:24:05.418  1184  1184 D TaplEvents: TIS / TouchInteractionService.onInputEvent: MotionEvent { action=ACTION_UP, actionButton=0, id[0]=0, x[0]=196.0, y[0]=179.5, toolType[0]=TOOL_TYPE_FINGER, buttonState=BUTTON_PRIMARY, classification=NONE, metaState=0, flags=0x0, edgeFlags=0x0, pointerCount=1, historySize=0, eventTime=51774221, downTime=51774180, deviceId=-1, source=0x1002, displayId=0, eventId=-174154300 }
02-03 18:24:05.454   946  1229 D BtGatt.ScanManager: uid 10105 isForeground true scanMode -1
02-03 18:24:05.454   946  1229 D BtGatt.ScanManager: uid 10105 isForeground true scanMode -1
02-03 18:24:05.484   442   483 W TransactionTracing: Could not find layer handle 0x75dd172ab7b0
02-03 18:24:05.484   442   483 W TransactionTracing: Could not find layer handle 0x75dd172ab7b0
02-03 18:24:05.484   442   483 W TransactionTracing: Could not find layer handle 0x75dd172ab510
02-03 18:24:05.484   442   483 W TransactionTracing: Could not find layer handle 0x75dd172a8030
02-03 18:24:05.484   442   483 W TransactionTracing: Could not find layer handle 0x75dd172ab7b0
02-03 18:24:05.484   442   483 W TransactionTracing: Could not find layer handle 0x75dd172a8030
02-03 18:24:05.484   442   483 W TransactionTracing: Could not find layer handle 0x75dd172ab510
02-03 18:24:05.689 12838 12838 I ViewInteraction: Checking 'MatchesViewAssertion{viewMatcher=an instance of android.widget.TextView and view.getText() with or without transformation to match: a string containing "Subtotal: $0.50"}' assertion on view view.getId() is <2131231217/com.example.lunchtray:id/subtotal>
02-03 18:24:05.690 12838 12838 I ViewInteraction: Performing 'single click' action on view view.getId() is <2131230825/com.example.lunchtray:id/berries>
02-03 18:24:05.691  1184  1184 D TaplEvents: TIS / TouchInteractionService.onInputEvent: MotionEvent { action=ACTION_DOWN, actionButton=0, id[0]=0, x[0]=230.0, y[0]=420.5, toolType[0]=TOOL_TYPE_UNKNOWN, buttonState=BUTTON_PRIMARY, classification=NONE, metaState=0, flags=0x0, edgeFlags=0x0, pointerCount=1, historySize=0, eventTime=51774494, downTime=51774494, deviceId=-1, source=0x1002, displayId=0, eventId=-1008601049 }
02-03 18:24:05.733  1184  1184 D TaplEvents: TIS / TouchInteractionService.onInputEvent: MotionEvent { action=ACTION_UP, actionButton=0, id[0]=0, x[0]=230.0, y[0]=420.5, toolType[0]=TOOL_TYPE_FINGER, buttonState=BUTTON_PRIMARY, classification=NONE, metaState=0, flags=0x0, edgeFlags=0x0, pointerCount=1, historySize=0, eventTime=51774535, downTime=51774494, deviceId=-1, source=0x1002, displayId=0, eventId=-738283875 }
02-03 18:24:05.866   811   972 D EGL_emulation: app_time_stats: avg=19.99ms min=1.00ms max=95.09ms count=28
02-03 18:24:05.898   442   483 W TransactionTracing: Could not find layer id -1
02-03 18:24:05.899   442   483 W TransactionTracing: Could not find layer id -1
02-03 18:24:06.155 12838 12838 I ViewInteraction: Checking 'MatchesViewAssertion{viewMatcher=an instance of android.widget.TextView and view.getText() with or without transformation to match: a string containing "Subtotal: $1.00"}' assertion on view view.getId() is <2131231217/com.example.lunchtray:id/subtotal>
02-03 18:24:06.156 12838 12838 I ViewInteraction: Performing 'single click' action on view view.getId() is <2131231113/com.example.lunchtray:id/pickles>
02-03 18:24:06.158  1184  1184 D TaplEvents: TIS / TouchInteractionService.onInputEvent: MotionEvent { action=ACTION_DOWN, actionButton=0, id[0]=0, x[0]=253.5, y[0]=707.5, toolType[0]=TOOL_TYPE_UNKNOWN, buttonState=BUTTON_PRIMARY, classification=NONE, metaState=0, flags=0x0, edgeFlags=0x0, pointerCount=1, historySize=0, eventTime=51774961, downTime=51774961, deviceId=-1, source=0x1002, displayId=0, eventId=-318996002 }
02-03 18:24:06.199  1184  1184 D TaplEvents: TIS / TouchInteractionService.onInputEvent: MotionEvent { action=ACTION_UP, actionButton=0, id[0]=0, x[0]=253.5, y[0]=707.5, toolType[0]=TOOL_TYPE_FINGER, buttonState=BUTTON_PRIMARY, classification=NONE, metaState=0, flags=0x0, edgeFlags=0x0, pointerCount=1, historySize=0, eventTime=51775002, downTime=51774961, deviceId=-1, source=0x1002, displayId=0, eventId=-872847164 }
02-03 18:24:06.218 12838 12863 D EGL_emulation: app_time_stats: avg=5.83ms min=1.19ms max=51.05ms count=38
02-03 18:24:06.315   442   483 W TransactionTracing: Could not find layer id -1
02-03 18:24:06.722 12838 12838 I ViewInteraction: Checking 'MatchesViewAssertion{viewMatcher=an instance of android.widget.TextView and view.getText() with or without transformation to match: a string containing "Subtotal: $0.50"}' assertion on view view.getId() is <2131231217/com.example.lunchtray:id/subtotal>
02-03 18:24:06.723 12838 12861 I TestRunner: finished: radio_buttons_update_accompaniment_menu_subtotal(com.example.lunchtray.OrderFunctionalityTests)
