02-03 18:23:54.942 12838 12861 I TestRunner: started: order_snackbar(com.example.lunchtray.OrderFunctionalityTests)
02-03 18:23:54.945 12838 12838 D LifecycleMonitor: Lifecycle status change: com.example.lunchtray.MainActivity@d170955 in: DESTROYED
02-03 18:23:54.946   608   721 W InputManager-JNI: Input channel object 'ef17ad5 com.example.lunchtray/com.example.lunchtray.MainActivity (client)' was disposed without first being removed with the input manager!
02-03 18:23:54.948   442   483 W TransactionTracing: Could not find layer handle 0x75dd172a5270
02-03 18:23:54.952 12838 12861 W Settings: Setting always_finish_activities has moved from android.provider.Settings.System to android.provider.Settings.Global, returning read-only value.
02-03 18:23:54.963   811   937 D SplashScreenView: Build android.window.SplashScreenView{820e053 V.E...... ......ID 0,0-0,0}
02-03 18:23:54.963   811   937 D SplashScreenView: Icon: view: null drawable: null size: 0
02-03 18:23:54.963   811   937 D SplashScreenView: Branding: view: android.view.View{d8afd90 G.ED..... ......I. 0,0-0,0 #10204db android:id/splashscreen_branding_view} drawable: null size w: 0 h: 0
02-03 18:23:54.965   442   483 W TransactionTracing: Could not find layer handle 0x75dd172abf30
02-03 18:23:54.965   442   483 W TransactionTracing: Could not find layer handle 0x75dd172a9ad0
02-03 18:23:54.977 12838 12838 D LifecycleMonitor: Lifecycle status change: androidx.test.core.app.InstrumentationActivityInvoker$BootstrapActivity@a61cf8b in: PRE_ON_CREATE
02-03 18:23:54.977 12838 12838 V ActivityScenario: Activity lifecycle changed event received but ignored because the intent does not match. startActivityIntent=Intent { act=android.intent.action.MAIN cat=[android.intent.category.LAUNCHER] cmp=com.example.lunchtray/.MainActivity }, activity.getIntent()=Intent { act=android.intent.action.MAIN cat=[android.intent.category.LAUNCHER] flg=0x10008000 cmp=com.example.lunchtray/androidx.test.core.app.InstrumentationActivityInvoker$BootstrapActivity (has extras) }, activity=androidx.test.core.app.InstrumentationActivityInvoker$BootstrapActivity@a61cf8b
02-03 18:23:54.992 12838 12838 D LifecycleMonitor: Lifecycle status change: androidx.test.core.app.InstrumentationActivityInvoker$BootstrapActivity@a61cf8b in: CREATED
02-03 18:23:54.992 12838 12838 V ActivityScenario: Activity lifecycle changed event received but ignored because the intent does not match. startActivityIntent=Intent { act=android.intent.action.MAIN cat=[android.intent.category.LAUNCHER] cmp=com.example.lunchtray/.MainActivity }, activity.getIntent()=Intent { act=android.intent.action.MAIN cat=[android.intent.category.LAUNCHER] flg=0x10008000 cmp=com.example.lunchtray/androidx.test.core.app.InstrumentationActivityInvoker$BootstrapActivity (has extras) }, activity=androidx.test.core.app.InstrumentationActivityInvoker$BootstrapActivity@a61cf8b
02-03 18:23:54.994 12838 12838 D LifecycleMonitor: Lifecycle status change: androidx.test.core.app.InstrumentationActivityInvoker$BootstrapActivity@a61cf8b in: STARTED
02-03 18:23:54.994 12838 12838 V ActivityScenario: Activity lifecycle changed event received but ignored because the intent does not match. startActivityIntent=Intent { act=android.intent.action.MAIN cat=[android.intent.category.LAUNCHER] cmp=com.example.lunchtray/.MainActivity }, activity.getIntent()=Intent { act=android.intent.action.MAIN cat=[android.intent.category.LAUNCHER] flg=0x10008000 cmp=com.example.lunchtray/androidx.test.core.app.InstrumentationActivityInvoker$BootstrapActivity (has extras) }, activity=androidx.test.core.app.InstrumentationActivityInvoker$BootstrapActivity@a61cf8b
02-03 18:23:54.998 12838 12838 D LifecycleMonitor: Lifecycle status change: androidx.test.core.app.InstrumentationActivityInvoker$BootstrapActivity@a61cf8b in: RESUMED
02-03 18:23:54.998 12838 12838 V ActivityScenario: Activity lifecycle changed event received but ignored because the intent does not match. startActivityIntent=Intent { act=android.intent.action.MAIN cat=[android.intent.category.LAUNCHER] cmp=com.example.lunchtray/.MainActivity }, activity.getIntent()=Intent { act=android.intent.action.MAIN cat=[android.intent.category.LAUNCHER] flg=0x10008000 cmp=com.example.lunchtray/androidx.test.core.app.InstrumentationActivityInvoker$BootstrapActivity (has extras) }, activity=androidx.test.core.app.InstrumentationActivityInvoker$BootstrapActivity@a61cf8b
02-03 18:23:55.000 12838 12838 D LifecycleMonitor: Lifecycle status change: androidx.test.core.app.InstrumentationActivityInvoker$BootstrapActivity@a61cf8b in: PAUSED
02-03 18:23:55.000 12838 12838 V ActivityScenario: Activity lifecycle changed event received but ignored because the intent does not match. startActivityIntent=Intent { act=android.intent.action.MAIN cat=[android.intent.category.LAUNCHER] cmp=com.example.lunchtray/.MainActivity }, activity.getIntent()=Intent { act=android.intent.action.MAIN cat=[android.intent.category.LAUNCHER] flg=0x10008000 cmp=com.example.lunchtray/androidx.test.core.app.InstrumentationActivityInvoker$BootstrapActivity (has extras) }, activity=androidx.test.core.app.InstrumentationActivityInvoker$BootstrapActivity@a61cf8b
02-03 18:23:55.005 12838 12838 D LifecycleMonitor: Lifecycle status change: com.example.lunchtray.MainActivity@37ea57 in: PRE_ON_CREATE
02-03 18:23:55.006 12838 12838 V ActivityScenario: Activity lifecycle changed event received but ignored because the reported transition was not ON_CREATE while the last known transition was PRE_ON_CREATE
02-03 18:23:55.020 12838 12838 D LifecycleMonitor: Lifecycle status change: com.example.lunchtray.MainActivity@37ea57 in: CREATED
02-03 18:23:55.021 12838 12838 V ActivityScenario: Update currentActivityStage to CREATED, currentActivity=com.example.lunchtray.MainActivity@37ea57
02-03 18:23:55.028 12838 12838 D LifecycleMonitor: Lifecycle status change: com.example.lunchtray.MainActivity@37ea57 in: STARTED
02-03 18:23:55.028 12838 12838 V ActivityScenario: Update currentActivityStage to STARTED, currentActivity=com.example.lunchtray.MainActivity@37ea57
02-03 18:23:55.029 12838 12838 D LifecycleMonitor: Lifecycle status change: com.example.lunchtray.MainActivity@37ea57 in: RESUMED
02-03 18:23:55.029 12838 12838 V ActivityScenario: Update currentActivityStage to RESUMED, currentActivity=com.example.lunchtray.MainActivity@37ea57
02-03 18:23:55.035 12838 12838 D LifecycleMonitor: Lifecycle status change: androidx.test.core.app.InstrumentationActivityInvoker$BootstrapActivity@a61cf8b in: STOPPED
02-03 18:23:55.035 12838 12838 V ActivityScenario: Activity lifecycle changed event received but ignored because the intent does not match. startActivityIntent=Intent { act=android.intent.action.MAIN cat=[android.intent.category.LAUNCHER] cmp=com.example.lunchtray/.MainActivity }, activity.getIntent()=Intent { act=android.intent.action.MAIN cat=[android.intent.category.LAUNCHER] flg=0x10008000 cmp=com.example.lunchtray/androidx.test.core.app.InstrumentationActivityInvoker$BootstrapActivity (has extras) }, activity=androidx.test.core.app.InstrumentationActivityInvoker$BootstrapActivity@a61cf8b
02-03 18:23:55.045   407  7527 D goldfish-address-space: claimShared: Ask to claim region [0x3f1704000 0x3f20a8000]
02-03 18:23:55.047   407  7527 D goldfish-address-space: claimShared: Ask to claim region [0x3f20a8000 0x3f2a4c000]
02-03 18:23:55.048   407  7527 D goldfish-address-space: claimShared: Ask to claim region [0x3f2a4c000 0x3f33f0000]
02-03 18:23:55.050   442   483 W TransactionTracing: Could not find layer id -1
02-03 18:23:55.050   442   483 W TransactionTracing: Could not find layer id -1
02-03 18:23:55.050   442   483 W TransactionTracing: Could not find layer id -1
02-03 18:23:55.050   442   483 W TransactionTracing: Could not find layer id -1
02-03 18:23:55.064 12838 12863 W Parcel  : Expecting binder but got null!
02-03 18:23:55.066  1712  1712 I GsaVoiceInteractionSrv: Handling ACTION_STOP_HOTWORD
02-03 18:23:55.067  1712  2398 E HwDetectorWithState: a: 3
02-03 18:23:55.071   608   629 W ziparchive: Unable to open '/data/app/~~H1IKnu5F9-DLteYoFe1Z2w==/com.example.lunchtray-OHatuIwYB00o5dQvqdXLDA==/base.dm': No such file or directory
02-03 18:23:55.073   608   629 I ActivityTaskManager: Displayed com.example.lunchtray/.MainActivity: +111ms
02-03 18:23:55.082 12838 12838 D RootViewPicker: Root not ready - waiting: 10ms for one to appear.
02-03 18:23:55.092   811   937 D SplashScreenView: Build android.window.SplashScreenView{438eea8 V.E...... ......ID 0,0-0,0}
02-03 18:23:55.092   811   937 D SplashScreenView: Icon: view: null drawable: null size: 0
02-03 18:23:55.092   811   937 D SplashScreenView: Branding: view: android.view.View{2e4fdc1 G.ED..... ......I. 0,0-0,0 #10204db android:id/splashscreen_branding_view} drawable: null size w: 0 h: 0
02-03 18:23:55.093 12838 12838 D RootViewPicker: Root not ready - waiting: 25ms for one to appear.
02-03 18:23:55.161  1547  1547 I GoogleInputMethodService: GoogleInputMethodService.onFinishInput():3220
02-03 18:23:55.162  1547  1547 I GoogleInputMethodService: GoogleInputMethodService.updateDeviceLockedStatus():2114 repeatCheckTimes = 0, unlocked = true
02-03 18:23:55.162  1547  1547 I GoogleInputMethodService: GoogleInputMethodService.onStartInput():1919 onStartInput(EditorInfo{inputType=0x0(NULL) imeOptions=0x0 privateImeOptions=null actionName=UNSPECIFIED actionLabel=null actionId=0 initialSelStart=-1 initialSelEnd=-1 initialCapsMode=0x0 hintText=null label=null packageName=com.example.lunchtray fieldId=-1 fieldName=null extras=null}, false)
02-03 18:23:55.162  1547  1547 I GoogleInputMethodService: GoogleInputMethodService.updateDeviceLockedStatus():2114 repeatCheckTimes = 2, unlocked = true
02-03 18:23:55.215   442   483 W TransactionTracing: Could not find layer handle 0x75dd172ae330
02-03 18:23:55.215   442   483 W TransactionTracing: Could not find layer id -1
02-03 18:23:55.216   442   483 W TransactionTracing: Could not find layer id -1
02-03 18:23:55.216   442   483 W TransactionTracing: Could not find layer id -1
02-03 18:23:55.216   442   483 W TransactionTracing: Could not find layer id -1
02-03 18:23:55.216   442   483 W TransactionTracing: Could not find layer id -1
02-03 18:23:55.309 12838 12838 I ViewInteraction: Performing 'single click' action on view view.getId() is <2131231208/com.example.lunchtray:id/start_order_btn>
02-03 18:23:55.311  1184  1184 D TaplEvents: TIS / TouchInteractionService.onInputEvent: MotionEvent { action=ACTION_DOWN, actionButton=0, id[0]=0, x[0]=540.0, y[0]=1292.5, toolType[0]=TOOL_TYPE_UNKNOWN, buttonState=BUTTON_PRIMARY, classification=NONE, metaState=0, flags=0x0, edgeFlags=0x0, pointerCount=1, historySize=0, eventTime=51764114, downTime=51764114, deviceId=-1, source=0x1002, displayId=0, eventId=-163870369 }
02-03 18:23:55.312 12838 12838 D AutofillManager: Fill dialog is enabled:false, hints=[password, passwordAuto, creditCardNumber, creditCardSecurityCode, creditCardExpirationDate]
02-03 18:23:55.370   946  1229 D BtGatt.ScanManager: uid 10105 isForeground true scanMode -1
02-03 18:23:55.370   946  1229 D BtGatt.ScanManager: uid 10105 isForeground true scanMode -1
02-03 18:23:55.382   442   483 W TransactionTracing: Could not find layer handle 0x75dd172aa250
02-03 18:23:55.382   442   483 W TransactionTracing: Could not find layer handle 0x75dd172ab6f0
02-03 18:23:55.382   442   483 W TransactionTracing: Could not find layer handle 0x75dd172ab6f0
02-03 18:23:55.382   442   483 W TransactionTracing: Could not find layer handle 0x75dd172aa250
02-03 18:23:55.415   442   483 W TransactionTracing: Could not find layer handle 0x75dd172a9a70
02-03 18:23:55.415   442   483 W TransactionTracing: Could not find layer handle 0x75dd172a8270
02-03 18:23:55.415   442   483 W TransactionTracing: Could not find layer handle 0x75dd172a8270
02-03 18:23:55.415   442   483 W TransactionTracing: Could not find layer handle 0x75dd172a9a70
02-03 18:23:55.457  1184  1184 D TaplEvents: TIS / TouchInteractionService.onInputEvent: MotionEvent { action=ACTION_UP, actionButton=0, id[0]=0, x[0]=540.0, y[0]=1292.5, toolType[0]=TOOL_TYPE_FINGER, buttonState=BUTTON_PRIMARY, classification=NONE, metaState=0, flags=0x0, edgeFlags=0x0, pointerCount=1, historySize=0, eventTime=51764260, downTime=51764114, deviceId=-1, source=0x1002, displayId=0, eventId=-129181525 }
02-03 18:23:55.515   442   483 W TransactionTracing: Could not find layer id -1
02-03 18:23:55.689   811   972 D EGL_emulation: app_time_stats: avg=2.37ms min=0.94ms max=20.04ms count=35
02-03 18:23:55.772 12838 12838 I ViewInteraction: Performing 'single click' action on view view.getId() is <2131230844/com.example.lunchtray:id/cauliflower>
02-03 18:23:55.774  1184  1184 D TaplEvents: TIS / TouchInteractionService.onInputEvent: MotionEvent { action=ACTION_DOWN, actionButton=0, id[0]=0, x[0]=206.0, y[0]=355.5, toolType[0]=TOOL_TYPE_UNKNOWN, buttonState=BUTTON_PRIMARY, classification=NONE, metaState=0, flags=0x0, edgeFlags=0x0, pointerCount=1, historySize=0, eventTime=51764577, downTime=51764577, deviceId=-1, source=0x1002, displayId=0, eventId=-23718652 }
02-03 18:23:55.814  1184  1184 D TaplEvents: TIS / TouchInteractionService.onInputEvent: MotionEvent { action=ACTION_UP, actionButton=0, id[0]=0, x[0]=206.0, y[0]=355.5, toolType[0]=TOOL_TYPE_FINGER, buttonState=BUTTON_PRIMARY, classification=NONE, metaState=0, flags=0x0, edgeFlags=0x0, pointerCount=1, historySize=0, eventTime=51764617, downTime=51764577, deviceId=-1, source=0x1002, displayId=0, eventId=-853102954 }
02-03 18:23:56.089 12838 12863 D EGL_emulation: app_time_stats: avg=8.75ms min=1.18ms max=166.60ms count=32
02-03 18:23:56.090 12838 12838 I ViewInteraction: Performing 'single click' action on view view.getId() is <2131231081/com.example.lunchtray:id/next_button>
02-03 18:23:56.092  1184  1184 D TaplEvents: TIS / TouchInteractionService.onInputEvent: MotionEvent { action=ACTION_DOWN, actionButton=0, id[0]=0, x[0]=798.5, y[0]=1788.5, toolType[0]=TOOL_TYPE_UNKNOWN, buttonState=BUTTON_PRIMARY, classification=NONE, metaState=0, flags=0x0, edgeFlags=0x0, pointerCount=1, historySize=0, eventTime=51764894, downTime=51764894, deviceId=-1, source=0x1002, displayId=0, eventId=-66283725 }
02-03 18:23:56.132  1184  1184 D TaplEvents: TIS / TouchInteractionService.onInputEvent: MotionEvent { action=ACTION_UP, actionButton=0, id[0]=0, x[0]=798.5, y[0]=1788.5, toolType[0]=TOOL_TYPE_FINGER, buttonState=BUTTON_PRIMARY, classification=NONE, metaState=0, flags=0x0, edgeFlags=0x0, pointerCount=1, historySize=0, eventTime=51764936, downTime=51764894, deviceId=-1, source=0x1002, displayId=0, eventId=-337448026 }
02-03 18:23:56.555 12838 12838 I ViewInteraction: Performing 'single click' action on view view.getId() is <2131231138/com.example.lunchtray:id/salad>
02-03 18:23:56.556  1184  1184 D TaplEvents: TIS / TouchInteractionService.onInputEvent: MotionEvent { action=ACTION_DOWN, actionButton=0, id[0]=0, x[0]=239.5, y[0]=355.5, toolType[0]=TOOL_TYPE_UNKNOWN, buttonState=BUTTON_PRIMARY, classification=NONE, metaState=0, flags=0x0, edgeFlags=0x0, pointerCount=1, historySize=0, eventTime=51765359, downTime=51765359, deviceId=-1, source=0x1002, displayId=0, eventId=-69575243 }
02-03 18:23:56.598  1184  1184 D TaplEvents: TIS / TouchInteractionService.onInputEvent: MotionEvent { action=ACTION_UP, actionButton=0, id[0]=0, x[0]=239.5, y[0]=355.5, toolType[0]=TOOL_TYPE_FINGER, buttonState=BUTTON_PRIMARY, classification=NONE, metaState=0, flags=0x0, edgeFlags=0x0, pointerCount=1, historySize=0, eventTime=51765401, downTime=51765359, deviceId=-1, source=0x1002, displayId=0, eventId=-937866623 }
02-03 18:23:56.889 12838 12838 I ViewInteraction: Performing 'single click' action on view view.getId() is <2131231081/com.example.lunchtray:id/next_button>
02-03 18:23:56.891  1184  1184 D TaplEvents: TIS / TouchInteractionService.onInputEvent: MotionEvent { action=ACTION_DOWN, actionButton=0, id[0]=0, x[0]=798.5, y[0]=1742.5, toolType[0]=TOOL_TYPE_UNKNOWN, buttonState=BUTTON_PRIMARY, classification=NONE, metaState=0, flags=0x0, edgeFlags=0x0, pointerCount=1, historySize=0, eventTime=51765694, downTime=51765694, deviceId=-1, source=0x1002, displayId=0, eventId=-1005542151 }
02-03 18:23:56.938  1184  1184 D TaplEvents: TIS / TouchInteractionService.onInputEvent: MotionEvent { action=ACTION_UP, actionButton=0, id[0]=0, x[0]=798.5, y[0]=1742.5, toolType[0]=TOOL_TYPE_FINGER, buttonState=BUTTON_PRIMARY, classification=NONE, metaState=0, flags=0x0, edgeFlags=0x0, pointerCount=1, historySize=0, eventTime=51765735, downTime=51765694, deviceId=-1, source=0x1002, displayId=0, eventId=-35160188 }
02-03 18:23:57.109 12838 12863 D EGL_emulation: app_time_stats: avg=13.49ms min=1.63ms max=247.04ms count=26
02-03 18:23:57.272  1633  1633 D BoundBrokerSvc: onUnbind: Intent { act=com.google.android.gms.feedback.internal.IFeedbackService dat=chimera-action: cmp=com.google.android.gms/.chimera.GmsBoundBrokerService }
02-03 18:23:57.389 12838 12838 I ViewInteraction: Performing 'single click' action on view view.getId() is <2131230835/com.example.lunchtray:id/bread>
02-03 18:23:57.391  1184  1184 D TaplEvents: TIS / TouchInteractionService.onInputEvent: MotionEvent { action=ACTION_DOWN, actionButton=0, id[0]=0, x[0]=196.0, y[0]=355.5, toolType[0]=TOOL_TYPE_UNKNOWN, buttonState=BUTTON_PRIMARY, classification=NONE, metaState=0, flags=0x0, edgeFlags=0x0, pointerCount=1, historySize=0, eventTime=51766193, downTime=51766193, deviceId=-1, source=0x1002, displayId=0, eventId=-363576659 }
02-03 18:23:57.430  1184  1184 D TaplEvents: TIS / TouchInteractionService.onInputEvent: MotionEvent { action=ACTION_UP, actionButton=0, id[0]=0, x[0]=196.0, y[0]=355.5, toolType[0]=TOOL_TYPE_FINGER, buttonState=BUTTON_PRIMARY, classification=NONE, metaState=0, flags=0x0, edgeFlags=0x0, pointerCount=1, historySize=0, eventTime=51766233, downTime=51766193, deviceId=-1, source=0x1002, displayId=0, eventId=-186926914 }
02-03 18:23:57.687 12838 12838 I ViewInteraction: Performing 'single click' action on view view.getId() is <2131231081/com.example.lunchtray:id/next_button>
02-03 18:23:57.689  1184  1184 D TaplEvents: TIS / TouchInteractionService.onInputEvent: MotionEvent { action=ACTION_DOWN, actionButton=0, id[0]=0, x[0]=798.5, y[0]=1411.5, toolType[0]=TOOL_TYPE_UNKNOWN, buttonState=BUTTON_PRIMARY, classification=NONE, metaState=0, flags=0x0, edgeFlags=0x0, pointerCount=1, historySize=0, eventTime=51766492, downTime=51766492, deviceId=-1, source=0x1002, displayId=0, eventId=-251538925 }
02-03 18:23:57.731  1184  1184 D TaplEvents: TIS / TouchInteractionService.onInputEvent: MotionEvent { action=ACTION_UP, actionButton=0, id[0]=0, x[0]=798.5, y[0]=1411.5, toolType[0]=TOOL_TYPE_FINGER, buttonState=BUTTON_PRIMARY, classification=NONE, metaState=0, flags=0x0, edgeFlags=0x0, pointerCount=1, historySize=0, eventTime=51766534, downTime=51766492, deviceId=-1, source=0x1002, displayId=0, eventId=-487492187 }
02-03 18:23:57.832   442   483 W TransactionTracing: Could not find layer id -1
02-03 18:23:58.088 12838 12838 I ViewInteraction: Performing 'single click' action on view view.getId() is <2131231216/com.example.lunchtray:id/submit_button>
02-03 18:23:58.090  1184  1184 D TaplEvents: TIS / TouchInteractionService.onInputEvent: MotionEvent { action=ACTION_DOWN, actionButton=0, id[0]=0, x[0]=539.5, y[0]=989.5, toolType[0]=TOOL_TYPE_UNKNOWN, buttonState=BUTTON_PRIMARY, classification=NONE, metaState=0, flags=0x0, edgeFlags=0x0, pointerCount=1, historySize=0, eventTime=51766893, downTime=51766893, deviceId=-1, source=0x1002, displayId=0, eventId=-598373304 }
02-03 18:23:58.132  1184  1184 D TaplEvents: TIS / TouchInteractionService.onInputEvent: MotionEvent { action=ACTION_UP, actionButton=0, id[0]=0, x[0]=539.5, y[0]=989.5, toolType[0]=TOOL_TYPE_FINGER, buttonState=BUTTON_PRIMARY, classification=NONE, metaState=0, flags=0x0, edgeFlags=0x0, pointerCount=1, historySize=0, eventTime=51766935, downTime=51766893, deviceId=-1, source=0x1002, displayId=0, eventId=-799748107 }
02-03 18:23:58.153 12838 12863 D EGL_emulation: app_time_stats: avg=20.67ms min=1.28ms max=246.98ms count=25
02-03 18:23:58.232   442   483 W TransactionTracing: Could not find layer id -1
02-03 18:23:58.232   442   483 W TransactionTracing: Could not find layer id -1
02-03 18:23:58.454 12838 12838 I ViewInteraction: Checking 'MatchesViewAssertion{viewMatcher=(view has effective visibility <VISIBLE> and view.getGlobalVisibleRect() to return non-empty rectangle)}' assertion on view an instance of android.widget.TextView and view.getText() with or without transformation to match: a string containing "Order Submitted!"
02-03 18:23:58.454 12838 12861 I TestRunner: finished: order_snackbar(com.example.lunchtray.OrderFunctionalityTests)
