02-03 18:23:58.923 12838 12861 I TestRunner: started: order_reset_after_cancel_from_entree_menu(com.example.lunchtray.OrderFunctionalityTests)
02-03 18:23:58.924 12838 12838 D LifecycleMonitor: Lifecycle status change: com.example.lunchtray.MainActivity@37ea57 in: DESTROYED
02-03 18:23:58.925 12838 12838 V ActivityScenario: Update currentActivityStage to DESTROYED, currentActivity=null
02-03 18:23:58.927   608  1837 W InputManager-JNI: Input channel object '8292481 com.example.lunchtray/com.example.lunchtray.MainActivity (client)' was disposed without first being removed with the input manager!
02-03 18:23:58.934 12838 12861 W Settings: Setting always_finish_activities has moved from android.provider.Settings.System to android.provider.Settings.Global, returning read-only value.
02-03 18:23:58.949   811   937 D SplashScreenView: Build android.window.SplashScreenView{44aa3f9 V.E...... ......ID 0,0-0,0}
02-03 18:23:58.949   811   937 D SplashScreenView: Icon: view: null drawable: null size: 0
02-03 18:23:58.949   811   937 D SplashScreenView: Branding: view: android.view.View{d53df3e G.ED..... ......I. 0,0-0,0 #10204db android:id/splashscreen_branding_view} drawable: null size w: 0 h: 0
02-03 18:23:58.955 12838 12838 D LifecycleMonitor: Lifecycle status change: androidx.test.core.app.InstrumentationActivityInvoker$BootstrapActivity@c06f184 in: PRE_ON_CREATE
02-03 18:23:58.955 12838 12838 V ActivityScenario: Activity lifecycle changed event received but ignored because the intent does not match. startActivityIntent=Intent { act=android.intent.action.MAIN cat=[android.intent.category.LAUNCHER] cmp=com.example.lunchtray/.MainActivity }, activity.getIntent()=Intent { act=android.intent.action.MAIN cat=[android.intent.category.LAUNCHER] flg=0x10008000 cmp=com.example.lunchtray/androidx.test.core.app.InstrumentationActivityInvoker$BootstrapActivity (has extras) }, activity=androidx.test.core.app.InstrumentationActivityInvoker$BootstrapActivity@c06f184
02-03 18:23:58.956 12838 12838 V ActivityScenario: Activity lifecycle changed event received but ignored because the intent does not match. startActivityIntent=Intent { act=android.intent.action.MAIN cat=[android.intent.category.LAUNCHER] cmp=com.example.lunchtray/.MainActivity }, activity.getIntent()=Intent { act=android.intent.action.MAIN cat=[android.intent.category.LAUNCHER] flg=0x10008000 cmp=com.example.lunchtray/androidx.test.core.app.InstrumentationActivityInvoker$BootstrapActivity (has extras) }, activity=androidx.test.core.app.InstrumentationActivityInvoker$BootstrapActivity@c06f184
02-03 18:23:58.959 12838 12838 D LifecycleMonitor: Lifecycle status change: androidx.test.core.app.InstrumentationActivityInvoker$BootstrapActivity@c06f184 in: CREATED
02-03 18:23:58.959 12838 12838 V ActivityScenario: Activity lifecycle changed event received but ignored because the intent does not match. startActivityIntent=Intent { act=android.intent.action.MAIN cat=[android.intent.category.LAUNCHER] cmp=com.example.lunchtray/.MainActivity }, activity.getIntent()=Intent { act=android.intent.action.MAIN cat=[android.intent.category.LAUNCHER] flg=0x10008000 cmp=com.example.lunchtray/androidx.test.core.app.InstrumentationActivityInvoker$BootstrapActivity (has extras) }, activity=androidx.test.core.app.InstrumentationActivityInvoker$BootstrapActivity@c06f184
02-03 18:23:58.960 12838 12838 V ActivityScenario: Activity lifecycle changed event received but ignored because the intent does not match. startActivityIntent=Intent { act=android.intent.action.MAIN cat=[android.intent.category.LAUNCHER] cmp=com.example.lunchtray/.MainActivity }, activity.getIntent()=Intent { act=android.intent.action.MAIN cat=[android.intent.category.LAUNCHER] flg=0x10008000 cmp=com.example.lunchtray/androidx.test.core.app.InstrumentationActivityInvoker$BootstrapActivity (has extras) }, activity=androidx.test.core.app.InstrumentationActivityInvoker$BootstrapActivity@c06f184
02-03 18:23:58.960 12838 12838 D LifecycleMonitor: Lifecycle status change: androidx.test.core.app.InstrumentationActivityInvoker$BootstrapActivity@c06f184 in: STARTED
02-03 18:23:58.960 12838 12838 V ActivityScenario: Activity lifecycle changed event received but ignored because the intent does not match. startActivityIntent=Intent { act=android.intent.action.MAIN cat=[android.intent.category.LAUNCHER] cmp=com.example.lunchtray/.MainActivity }, activity.getIntent()=Intent { act=android.intent.action.MAIN cat=[android.intent.category.LAUNCHER] flg=0x10008000 cmp=com.example.lunchtray/androidx.test.core.app.InstrumentationActivityInvoker$BootstrapActivity (has extras) }, activity=androidx.test.core.app.InstrumentationActivityInvoker$BootstrapActivity@c06f184
02-03 18:23:58.961 12838 12838 V ActivityScenario: Activity lifecycle changed event received but ignored because the intent does not match. startActivityIntent=Intent { act=android.intent.action.MAIN cat=[android.intent.category.LAUNCHER] cmp=com.example.lunchtray/.MainActivity }, activity.getIntent()=Intent { act=android.intent.action.MAIN cat=[android.intent.category.LAUNCHER] flg=0x10008000 cmp=com.example.lunchtray/androidx.test.core.app.InstrumentationActivityInvoker$BootstrapActivity (has extras) }, activity=androidx.test.core.app.InstrumentationActivityInvoker$BootstrapActivity@c06f184
02-03 18:23:58.964 12838 12838 D LifecycleMonitor: Lifecycle status change: androidx.test.core.app.InstrumentationActivityInvoker$BootstrapActivity@c06f184 in: RESUMED
02-03 18:23:58.964 12838 12838 V ActivityScenario: Activity lifecycle changed event received but ignored because the intent does not match. startActivityIntent=Intent { act=android.intent.action.MAIN cat=[android.intent.category.LAUNCHER] cmp=com.example.lunchtray/.MainActivity }, activity.getIntent()=Intent { act=android.intent.action.MAIN cat=[android.intent.category.LAUNCHER] flg=0x10008000 cmp=com.example.lunchtray/androidx.test.core.app.InstrumentationActivityInvoker$BootstrapActivity (has extras) }, activity=androidx.test.core.app.InstrumentationActivityInvoker$BootstrapActivity@c06f184
02-03 18:23:58.964 12838 12838 V ActivityScenario: Activity lifecycle changed event received but ignored because the intent does not match. startActivityIntent=Intent { act=android.intent.action.MAIN cat=[android.intent.category.LAUNCHER] cmp=com.example.lunchtray/.MainActivity }, activity.getIntent()=Intent { act=android.intent.action.MAIN cat=[android.intent.category.LAUNCHER] flg=0x10008000 cmp=com.example.lunchtray/androidx.test.core.app.InstrumentationActivityInvoker$BootstrapActivity (has extras) }, activity=androidx.test.core.app.InstrumentationActivityInvoker$BootstrapActivity@c06f184
02-03 18:23:58.966 12838 12838 D LifecycleMonitor: Lifecycle status change: androidx.test.core.app.InstrumentationActivityInvoker$BootstrapActivity@c06f184 in: PAUSED
02-03 18:23:58.966 12838 12838 V ActivityScenario: Activity lifecycle changed event received but ignored because the intent does not match. startActivityIntent=Intent { act=android.intent.action.MAIN cat=[android.intent.category.LAUNCHER] cmp=com.example.lunchtray/.MainActivity }, activity.getIntent()=Intent { act=android.intent.action.MAIN cat=[android.intent.category.LAUNCHER] flg=0x10008000 cmp=com.example.lunchtray/androidx.test.core.app.InstrumentationActivityInvoker$BootstrapActivity (has extras) }, activity=androidx.test.core.app.InstrumentationActivityInvoker$BootstrapActivity@c06f184
02-03 18:23:58.966 12838 12838 V ActivityScenario: Activity lifecycle changed event received but ignored because the intent does not match. startActivityIntent=Intent { act=android.intent.action.MAIN cat=[android.intent.category.LAUNCHER] cmp=com.example.lunchtray/.MainActivity }, activity.getIntent()=Intent { act=android.intent.action.MAIN cat=[android.intent.category.LAUNCHER] flg=0x10008000 cmp=com.example.lunchtray/androidx.test.core.app.InstrumentationActivityInvoker$BootstrapActivity (has extras) }, activity=androidx.test.core.app.InstrumentationActivityInvoker$BootstrapActivity@c06f184
02-03 18:23:58.972 12838 12838 D LifecycleMonitor: Lifecycle status change: com.example.lunchtray.MainActivity@3b02efa in: PRE_ON_CREATE
02-03 18:23:58.972 12838 12838 V ActivityScenario: Activity lifecycle changed event received but ignored because the reported transition was not ON_CREATE while the last known transition was DESTROYED
02-03 18:23:58.973 12838 12838 V ActivityScenario: Activity lifecycle changed event received but ignored because the reported transition was not ON_CREATE while the last known transition was PRE_ON_CREATE
02-03 18:23:58.977   407   444 D goldfish-address-space: claimShared: Ask to claim region [0x3f1704000 0x3f20a8000]
02-03 18:23:58.982   407   444 D goldfish-address-space: claimShared: Ask to claim region [0x3f20a8000 0x3f2a4c000]
02-03 18:23:58.990 12838 12838 D LifecycleMonitor: Lifecycle status change: com.example.lunchtray.MainActivity@3b02efa in: CREATED
02-03 18:23:58.990 12838 12838 V ActivityScenario: Update currentActivityStage to CREATED, currentActivity=com.example.lunchtray.MainActivity@3b02efa
02-03 18:23:58.990 12838 12838 V ActivityScenario: Update currentActivityStage to CREATED, currentActivity=com.example.lunchtray.MainActivity@3b02efa
02-03 18:23:58.990   407   444 D goldfish-address-space: claimShared: Ask to claim region [0x3f2a4c000 0x3f33f0000]
02-03 18:23:58.991   811   972 W Parcel  : Expecting binder but got null!
02-03 18:23:58.999 12838 12838 D LifecycleMonitor: Lifecycle status change: com.example.lunchtray.MainActivity@3b02efa in: STARTED
02-03 18:23:58.999 12838 12838 V ActivityScenario: Update currentActivityStage to STARTED, currentActivity=com.example.lunchtray.MainActivity@3b02efa
02-03 18:23:58.999 12838 12838 V ActivityScenario: Update currentActivityStage to STARTED, currentActivity=com.example.lunchtray.MainActivity@3b02efa
02-03 18:23:59.000 12838 12838 D LifecycleMonitor: Lifecycle status change: com.example.lunchtray.MainActivity@3b02efa in: RESUMED
02-03 18:23:59.000 12838 12838 V ActivityScenario: Update currentActivityStage to RESUMED, currentActivity=com.example.lunchtray.MainActivity@3b02efa
02-03 18:23:59.001 12838 12838 V ActivityScenario: Update currentActivityStage to RESUMED, currentActivity=com.example.lunchtray.MainActivity@3b02efa
02-03 18:23:59.013 12838 12838 D LifecycleMonitor: Lifecycle status change: androidx.test.core.app.InstrumentationActivityInvoker$BootstrapActivity@c06f184 in: STOPPED
02-03 18:23:59.014 12838 12838 V ActivityScenario: Activity lifecycle changed event received but ignored because the intent does not match. startActivityIntent=Intent { act=android.intent.action.MAIN cat=[android.intent.category.LAUNCHER] cmp=com.example.lunchtray/.MainActivity }, activity.getIntent()=Intent { act=android.intent.action.MAIN cat=[android.intent.category.LAUNCHER] flg=0x10008000 cmp=com.example.lunchtray/androidx.test.core.app.InstrumentationActivityInvoker$BootstrapActivity (has extras) }, activity=androidx.test.core.app.InstrumentationActivityInvoker$BootstrapActivity@c06f184
02-03 18:23:59.014 12838 12838 V ActivityScenario: Activity lifecycle changed event received but ignored because the intent does not match. startActivityIntent=Intent { act=android.intent.action.MAIN cat=[android.intent.category.LAUNCHER] cmp=com.example.lunchtray/.MainActivity }, activity.getIntent()=Intent { act=android.intent.action.MAIN cat=[android.intent.category.LAUNCHER] flg=0x10008000 cmp=com.example.lunchtray/androidx.test.core.app.InstrumentationActivityInvoker$BootstrapActivity (has extras) }, activity=androidx.test.core.app.InstrumentationActivityInvoker$BootstrapActivity@c06f184
02-03 18:23:59.023   407   444 D goldfish-address-space: claimShared: Ask to claim region [0x3f4269000 0x3f4c0d000]
02-03 18:23:59.029   407   444 D goldfish-address-space: claimShared: Ask to claim region [0x3f4c0d000 0x3f55b1000]
02-03 18:23:59.050   407   444 D goldfish-address-space: claimShared: Ask to claim region [0x3f55b1000 0x3f5f55000]
02-03 18:23:59.060  1712  1712 I GsaVoiceInteractionSrv: Handling ACTION_STOP_HOTWORD
02-03 18:23:59.065  1712  2396 E HwDetectorWithState: a: 3
02-03 18:23:59.066 12838 12863 W Parcel  : Expecting binder but got null!
02-03 18:23:59.069   608   629 W ziparchive: Unable to open '/data/app/~~H1IKnu5F9-DLteYoFe1Z2w==/com.example.lunchtray-OHatuIwYB00o5dQvqdXLDA==/base.dm': No such file or directory
02-03 18:23:59.070   608   629 I ActivityTaskManager: Displayed com.example.lunchtray/.MainActivity: +124ms
02-03 18:23:59.074 12838 12838 D RootViewPicker: Root not ready - waiting: 10ms for one to appear.
02-03 18:23:59.085  1547  1547 I GoogleInputMethodService: GoogleInputMethodService.onFinishInput():3220
02-03 18:23:59.086  1547  1547 I GoogleInputMethodService: GoogleInputMethodService.updateDeviceLockedStatus():2114 repeatCheckTimes = 0, unlocked = true
02-03 18:23:59.086  1547  1547 I GoogleInputMethodService: GoogleInputMethodService.onStartInput():1919 onStartInput(EditorInfo{inputType=0x0(NULL) imeOptions=0x0 privateImeOptions=null actionName=UNSPECIFIED actionLabel=null actionId=0 initialSelStart=-1 initialSelEnd=-1 initialCapsMode=0x0 hintText=null label=null packageName=com.example.lunchtray fieldId=-1 fieldName=null extras=null}, false)
02-03 18:23:59.086  1547  1547 I GoogleInputMethodService: GoogleInputMethodService.updateDeviceLockedStatus():2114 repeatCheckTimes = 2, unlocked = true
02-03 18:23:59.089   442   483 W TransactionTracing: Could not find layer id -1
02-03 18:23:59.089   442   483 W TransactionTracing: Could not find layer id -1
02-03 18:23:59.089   442   483 W TransactionTracing: Could not find layer id -1
02-03 18:23:59.089   442   483 W TransactionTracing: Could not find layer id -1
02-03 18:23:59.094  1184  1184 W FrameTracker: Missed SF frame:PREDICTION_ERROR, 266123, 11311019, CUJ=J<LAUNCHER_APP_CLOSE_TO_HOME>
02-03 18:23:59.094  1184  1184 W FrameTracker: Missed SF frame:UNKNOWN: 80, 266152, 0, CUJ=J<LAUNCHER_APP_CLOSE_TO_HOME>
02-03 18:23:59.094  1184  1184 W FrameTracker: Missing HWUI jank callback for vsyncId: 266152, CUJ=J<LAUNCHER_APP_CLOSE_TO_HOME>
02-03 18:23:59.094  1184  1184 W FrameTracker: Missed SF frame:UNKNOWN: 80, 266167, 0, CUJ=J<LAUNCHER_APP_CLOSE_TO_HOME>
02-03 18:23:59.094  1184  1184 W FrameTracker: Missing HWUI jank callback for vsyncId: 266167, CUJ=J<LAUNCHER_APP_CLOSE_TO_HOME>
02-03 18:23:59.094  1184  1184 W FrameTracker: Missed SF frame:UNKNOWN: 80, 266189, 58907315, CUJ=J<LAUNCHER_APP_CLOSE_TO_HOME>
02-03 18:23:59.094  1184  1184 W FrameTracker: Missed SF frame:UNKNOWN: 80, 266204, 76096335, CUJ=J<LAUNCHER_APP_CLOSE_TO_HOME>
02-03 18:23:59.094  1184  1184 W FrameTracker: Missed SF frame:UNKNOWN: 80, 266212, 93487790, CUJ=J<LAUNCHER_APP_CLOSE_TO_HOME>
02-03 18:23:59.094  1184  1184 W FrameTracker: Missed SF frame:UNKNOWN: 80, 266221, 93120788, CUJ=J<LAUNCHER_APP_CLOSE_TO_HOME>
02-03 18:23:59.094  1184  1184 W FrameTracker: Missed SF frame:UNKNOWN: 80, 266230, 90333897, CUJ=J<LAUNCHER_APP_CLOSE_TO_HOME>
02-03 18:23:59.094  1184  1184 W FrameTracker: Missed SF frame:UNKNOWN: 80, 266239, 90931558, CUJ=J<LAUNCHER_APP_CLOSE_TO_HOME>
02-03 18:23:59.094  1184  1184 W FrameTracker: Missed SF frame:UNKNOWN: 80, 266248, 91466194, CUJ=J<LAUNCHER_APP_CLOSE_TO_HOME>
02-03 18:23:59.094  1184  1184 W FrameTracker: Missed SF frame:UNKNOWN: 80, 266257, 91371608, CUJ=J<LAUNCHER_APP_CLOSE_TO_HOME>
02-03 18:23:59.094  1184  1184 W FrameTracker: Missed SF frame:UNKNOWN: 80, 266266, 91824501, CUJ=J<LAUNCHER_APP_CLOSE_TO_HOME>
02-03 18:23:59.094  1184  1184 W FrameTracker: Missed SF frame:UNKNOWN: 80, 266275, 91106500, CUJ=J<LAUNCHER_APP_CLOSE_TO_HOME>
02-03 18:23:59.162 12838 12838 I ViewInteraction: Performing 'single click' action on view view.getId() is <2131231208/com.example.lunchtray:id/start_order_btn>
02-03 18:23:59.164  1184  1184 D TaplEvents: TIS / TouchInteractionService.onInputEvent: MotionEvent { action=ACTION_DOWN, actionButton=0, id[0]=0, x[0]=540.0, y[0]=1292.5, toolType[0]=TOOL_TYPE_UNKNOWN, buttonState=BUTTON_PRIMARY, classification=NONE, metaState=0, flags=0x0, edgeFlags=0x0, pointerCount=1, historySize=0, eventTime=51767967, downTime=51767967, deviceId=-1, source=0x1002, displayId=0, eventId=-239805070 }
02-03 18:23:59.184 12838 12838 D AutofillManager: Fill dialog is enabled:false, hints=[password, passwordAuto, creditCardNumber, creditCardSecurityCode, creditCardExpirationDate]
02-03 18:23:59.286   946  1229 D BtGatt.ScanManager: uid 10105 isForeground true scanMode -1
02-03 18:23:59.286   946  1229 D BtGatt.ScanManager: uid 10105 isForeground true scanMode -1
02-03 18:23:59.299   442   483 W TransactionTracing: Could not find layer handle 0x75dd172aa4f0
02-03 18:23:59.299   442   483 W TransactionTracing: Could not find layer handle 0x75dd172a5750
02-03 18:23:59.299   442   483 W TransactionTracing: Could not find layer handle 0x75dd172a5750
02-03 18:23:59.299   442   483 W TransactionTracing: Could not find layer handle 0x75dd172aa4f0
02-03 18:23:59.299   442   483 W TransactionTracing: Could not find layer handle 0x75dd172a5750
02-03 18:23:59.299   442   483 W TransactionTracing: Could not find layer handle 0x75dd172aa4f0
02-03 18:23:59.299   442   483 W TransactionTracing: Could not find layer id -1
02-03 18:23:59.299   442   483 W TransactionTracing: Could not find layer id -1
02-03 18:23:59.299   442   483 W TransactionTracing: Could not find layer id -1
02-03 18:23:59.299   442   483 W TransactionTracing: Could not find layer id -1
02-03 18:23:59.299   442   483 W TransactionTracing: Could not find layer id -1
02-03 18:23:59.332   442   483 W TransactionTracing: Could not find layer handle 0x75dd172af470
02-03 18:23:59.332   442   483 W TransactionTracing: Could not find layer handle 0x75dd172ab3f0
02-03 18:23:59.332   442   483 W TransactionTracing: Could not find layer handle 0x75dd172aa5b0
02-03 18:23:59.342  1184  1184 D TaplEvents: TIS / TouchInteractionService.onInputEvent: MotionEvent { action=ACTION_UP, actionButton=0, id[0]=0, x[0]=540.0, y[0]=1292.5, toolType[0]=TOOL_TYPE_FINGER, buttonState=BUTTON_PRIMARY, classification=NONE, metaState=0, flags=0x0, edgeFlags=0x0, pointerCount=1, historySize=0, eventTime=51768144, downTime=51767967, deviceId=-1, source=0x1002, displayId=0, eventId=-339998066 }
02-03 18:23:59.396   608   721 W InputManager-JNI: Input channel object '532f1be Splash Screen com.example.lunchtray (client)' was disposed without first being removed with the input manager!
02-03 18:23:59.565   442   483 W TransactionTracing: Could not find layer handle 0x75dd172afef0
02-03 18:23:59.676 12838 12838 I ViewInteraction: Performing 'single click' action on view view.getId() is <2131230844/com.example.lunchtray:id/cauliflower>
02-03 18:23:59.679  1184  1184 D TaplEvents: TIS / TouchInteractionService.onInputEvent: MotionEvent { action=ACTION_DOWN, actionButton=0, id[0]=0, x[0]=206.0, y[0]=355.5, toolType[0]=TOOL_TYPE_UNKNOWN, buttonState=BUTTON_PRIMARY, classification=NONE, metaState=0, flags=0x0, edgeFlags=0x0, pointerCount=1, historySize=0, eventTime=51768481, downTime=51768481, deviceId=-1, source=0x1002, displayId=0, eventId=-653234769 }
02-03 18:23:59.719  1184  1184 D TaplEvents: TIS / TouchInteractionService.onInputEvent: MotionEvent { action=ACTION_UP, actionButton=0, id[0]=0, x[0]=206.0, y[0]=355.5, toolType[0]=TOOL_TYPE_FINGER, buttonState=BUTTON_PRIMARY, classification=NONE, metaState=0, flags=0x0, edgeFlags=0x0, pointerCount=1, historySize=0, eventTime=51768523, downTime=51768481, deviceId=-1, source=0x1002, displayId=0, eventId=-103054495 }
02-03 18:24:00.021 12838 12838 I ViewInteraction: Performing 'single click' action on view view.getId() is <2131230842/com.example.lunchtray:id/cancel_button>
02-03 18:24:00.023  1184  1184 D TaplEvents: TIS / TouchInteractionService.onInputEvent: MotionEvent { action=ACTION_DOWN, actionButton=0, id[0]=0, x[0]=280.5, y[0]=1788.5, toolType[0]=TOOL_TYPE_UNKNOWN, buttonState=BUTTON_PRIMARY, classification=NONE, metaState=0, flags=0x0, edgeFlags=0x0, pointerCount=1, historySize=0, eventTime=51768826, downTime=51768826, deviceId=-1, source=0x1002, displayId=0, eventId=-296039870 }
02-03 18:24:00.030   811   972 D EGL_emulation: app_time_stats: avg=60007.00ms min=60007.00ms max=60007.00ms count=1
02-03 18:24:00.066  1184  1184 D TaplEvents: TIS / TouchInteractionService.onInputEvent: MotionEvent { action=ACTION_UP, actionButton=0, id[0]=0, x[0]=280.5, y[0]=1788.5, toolType[0]=TOOL_TYPE_FINGER, buttonState=BUTTON_PRIMARY, classification=NONE, metaState=0, flags=0x0, edgeFlags=0x0, pointerCount=1, historySize=0, eventTime=51768869, downTime=51768826, deviceId=-1, source=0x1002, displayId=0, eventId=-186702243 }
02-03 18:24:00.089 12838 12863 D EGL_emulation: app_time_stats: avg=12.88ms min=1.31ms max=215.47ms count=30
02-03 18:24:00.471 12838 12838 I ViewInteraction: Performing 'single click' action on view view.getId() is <2131231208/com.example.lunchtray:id/start_order_btn>
02-03 18:24:00.482  1184  1184 D TaplEvents: TIS / TouchInteractionService.onInputEvent: MotionEvent { action=ACTION_DOWN, actionButton=0, id[0]=0, x[0]=540.0, y[0]=1292.5, toolType[0]=TOOL_TYPE_UNKNOWN, buttonState=BUTTON_PRIMARY, classification=NONE, metaState=0, flags=0x0, edgeFlags=0x0, pointerCount=1, historySize=0, eventTime=51769276, downTime=51769276, deviceId=-1, source=0x1002, displayId=0, eventId=-367941822 }
02-03 18:24:00.518  1184  1184 D TaplEvents: TIS / TouchInteractionService.onInputEvent: MotionEvent { action=ACTION_UP, actionButton=0, id[0]=0, x[0]=540.0, y[0]=1292.5, toolType[0]=TOOL_TYPE_FINGER, buttonState=BUTTON_PRIMARY, classification=NONE, metaState=0, flags=0x0, edgeFlags=0x0, pointerCount=1, historySize=0, eventTime=51769320, downTime=51769276, deviceId=-1, source=0x1002, displayId=0, eventId=-753561945 }
02-03 18:24:00.665   442   483 W TransactionTracing: Could not find layer id -1
02-03 18:24:00.895 12838 12838 I ViewInteraction: Checking 'MatchesViewAssertion{viewMatcher=(view has effective visibility <VISIBLE> and view.getGlobalVisibleRect() to return non-empty rectangle)}' assertion on view an instance of android.widget.TextView and view.getText() with or without transformation to match: is "Subtotal: $0.00"
02-03 18:24:00.895 12838 12861 I TestRunner: finished: order_reset_after_cancel_from_entree_menu(com.example.lunchtray.OrderFunctionalityTests)
