02-03 18:24:07.242 12838 12861 I TestRunner: started: order_reset_after_cancel_from_side_menu(com.example.lunchtray.OrderFunctionalityTests)
02-03 18:24:07.246 12838 12861 W Settings: Setting always_finish_activities has moved from android.provider.Settings.System to android.provider.Settings.Global, returning read-only value.
02-03 18:24:07.261   811   937 D SplashScreenView: Build android.window.SplashScreenView{aaf055f V.E...... ......ID 0,0-0,0}
02-03 18:24:07.261   811   937 D SplashScreenView: Icon: view: null drawable: null size: 0
02-03 18:24:07.261   811   937 D SplashScreenView: Branding: view: android.view.View{6a26bac G.ED..... ......I. 0,0-0,0 #10204db android:id/splashscreen_branding_view} drawable: null size w: 0 h: 0
02-03 18:24:07.267 12838 12838 D LifecycleMonitor: Lifecycle status change: androidx.test.core.app.InstrumentationActivityInvoker$BootstrapActivity@9f5e465 in: PRE_ON_CREATE
02-03 18:24:07.268 12838 12838 V ActivityScenario: Activity lifecycle changed event received but ignored because the intent does not match. startActivityIntent=Intent { act=android.intent.action.MAIN cat=[android.intent.category.LAUNCHER] cmp=com.example.lunchtray/androidx.fragment.app.testing.FragmentScenario$EmptyFragmentActivity (has extras) }, activity.getIntent()=Intent { act=android.intent.action.MAIN cat=[android.intent.category.LAUNCHER] flg=0x10008000 cmp=com.example.lunchtray/androidx.test.core.app.InstrumentationActivityInvoker$BootstrapActivity (has extras) }, activity=androidx.test.core.app.InstrumentationActivityInvoker$BootstrapActivity@9f5e465
02-03 18:24:07.268 12838 12838 V ActivityScenario: Activity lifecycle changed event received but ignored because the intent does not match. startActivityIntent=Intent { act=android.intent.action.MAIN cat=[android.intent.category.LAUNCHER] cmp=com.example.lunchtray/.MainActivity }, activity.getIntent()=Intent { act=android.intent.action.MAIN cat=[android.intent.category.LAUNCHER] flg=0x10008000 cmp=com.example.lunchtray/androidx.test.core.app.InstrumentationActivityInvoker$BootstrapActivity (has extras) }, activity=androidx.test.core.app.InstrumentationActivityInvoker$BootstrapActivity@9f5e465
02-03 18:24:07.274 12838 12838 D LifecycleMonitor: Lifecycle status change: androidx.test.core.app.InstrumentationActivityInvoker$BootstrapActivity@9f5e465 in: CREATED
02-03 18:24:07.274 12838 12838 V ActivityScenario: Activity lifecycle changed event received but ignored because the intent does not match. startActivityIntent=Intent { act=android.intent.action.MAIN cat=[android.intent.category.LAUNCHER] cmp=com.example.lunchtray/androidx.fragment.app.testing.FragmentScenario$EmptyFragmentActivity (has extras) }, activity.getIntent()=Intent { act=android.intent.action.MAIN cat=[android.intent.category.LAUNCHER] flg=0x10008000 cmp=com.example.lunchtray/androidx.test.core.app.InstrumentationActivityInvoker$BootstrapActivity (has extras) }, activity=androidx.test.core.app.InstrumentationActivityInvoker$BootstrapActivity@9f5e465
02-03 18:24:07.274 12838 12838 V ActivityScenario: Activity lifecycle changed event received but ignored because the intent does not match. startActivityIntent=Intent { act=android.intent.action.MAIN cat=[android.intent.category.LAUNCHER] cmp=com.example.lunchtray/.MainActivity }, activity.getIntent()=Intent { act=android.intent.action.MAIN cat=[android.intent.category.LAUNCHER] flg=0x10008000 cmp=com.example.lunchtray/androidx.test.core.app.InstrumentationActivityInvoker$BootstrapActivity (has extras) }, activity=androidx.test.core.app.InstrumentationActivityInvoker$BootstrapActivity@9f5e465
02-03 18:24:07.275 12838 12838 D LifecycleMonitor: Lifecycle status change: androidx.test.core.app.InstrumentationActivityInvoker$BootstrapActivity@9f5e465 in: STARTED
02-03 18:24:07.275 12838 12838 V ActivityScenario: Activity lifecycle changed event received but ignored because the intent does not match. startActivityIntent=Intent { act=android.intent.action.MAIN cat=[android.intent.category.LAUNCHER] cmp=com.example.lunchtray/androidx.fragment.app.testing.FragmentScenario$EmptyFragmentActivity (has extras) }, activity.getIntent()=Intent { act=android.intent.action.MAIN cat=[android.intent.category.LAUNCHER] flg=0x10008000 cmp=com.example.lunchtray/androidx.test.core.app.InstrumentationActivityInvoker$BootstrapActivity (has extras) }, activity=androidx.test.core.app.InstrumentationActivityInvoker$BootstrapActivity@9f5e465
02-03 18:24:07.275 12838 12838 V ActivityScenario: Activity lifecycle changed event received but ignored because the intent does not match. startActivityIntent=Intent { act=android.intent.action.MAIN cat=[android.intent.category.LAUNCHER] cmp=com.example.lunchtray/.MainActivity }, activity.getIntent()=Intent { act=android.intent.action.MAIN cat=[android.intent.category.LAUNCHER] flg=0x10008000 cmp=com.example.lunchtray/androidx.test.core.app.InstrumentationActivityInvoker$BootstrapActivity (has extras) }, activity=androidx.test.core.app.InstrumentationActivityInvoker$BootstrapActivity@9f5e465
02-03 18:24:07.279 12838 12838 D LifecycleMonitor: Lifecycle status change: androidx.test.core.app.InstrumentationActivityInvoker$BootstrapActivity@9f5e465 in: RESUMED
02-03 18:24:07.279 12838 12838 V ActivityScenario: Activity lifecycle changed event received but ignored because the intent does not match. startActivityIntent=Intent { act=android.intent.action.MAIN cat=[android.intent.category.LAUNCHER] cmp=com.example.lunchtray/androidx.fragment.app.testing.FragmentScenario$EmptyFragmentActivity (has extras) }, activity.getIntent()=Intent { act=android.intent.action.MAIN cat=[android.intent.category.LAUNCHER] flg=0x10008000 cmp=com.example.lunchtray/androidx.test.core.app.InstrumentationActivityInvoker$BootstrapActivity (has extras) }, activity=androidx.test.core.app.InstrumentationActivityInvoker$BootstrapActivity@9f5e465
02-03 18:24:07.279 12838 12838 V ActivityScenario: Activity lifecycle changed event received but ignored because the intent does not match. startActivityIntent=Intent { act=android.intent.action.MAIN cat=[android.intent.category.LAUNCHER] cmp=com.example.lunchtray/.MainActivity }, activity.getIntent()=Intent { act=android.intent.action.MAIN cat=[android.intent.category.LAUNCHER] flg=0x10008000 cmp=com.example.lunchtray/androidx.test.core.app.InstrumentationActivityInvoker$BootstrapActivity (has extras) }, activity=androidx.test.core.app.InstrumentationActivityInvoker$BootstrapActivity@9f5e465
02-03 18:24:07.281 12838 12838 D LifecycleMonitor: Lifecycle status change: androidx.test.core.app.InstrumentationActivityInvoker$BootstrapActivity@9f5e465 in: PAUSED
02-03 18:24:07.281 12838 12838 V ActivityScenario: Activity lifecycle changed event received but ignored because the intent does not match. startActivityIntent=Intent { act=android.intent.action.MAIN cat=[android.intent.category.LAUNCHER] cmp=com.example.lunchtray/androidx.fragment.app.testing.FragmentScenario$EmptyFragmentActivity (has extras) }, activity.getIntent()=Intent { act=android.intent.action.MAIN cat=[android.intent.category.LAUNCHER] flg=0x10008000 cmp=com.example.lunchtray/androidx.test.core.app.InstrumentationActivityInvoker$BootstrapActivity (has extras) }, activity=androidx.test.core.app.InstrumentationActivityInvoker$BootstrapActivity@9f5e465
02-03 18:24:07.281 12838 12838 V ActivityScenario: Activity lifecycle changed event received but ignored because the intent does not match. startActivityIntent=Intent { act=android.intent.action.MAIN cat=[android.intent.category.LAUNCHER] cmp=com.example.lunchtray/.MainActivity }, activity.getIntent()=Intent { act=android.intent.action.MAIN cat=[android.intent.category.LAUNCHER] flg=0x10008000 cmp=com.example.lunchtray/androidx.test.core.app.InstrumentationActivityInvoker$BootstrapActivity (has extras) }, activity=androidx.test.core.app.InstrumentationActivityInvoker$BootstrapActivity@9f5e465
02-03 18:24:07.295 12838 12838 D LifecycleMonitor: Lifecycle status change: com.example.lunchtray.MainActivity@5f6d4de in: PRE_ON_CREATE
02-03 18:24:07.295 12838 12838 V ActivityScenario: Activity lifecycle changed event received but ignored because the intent does not match. startActivityIntent=Intent { act=android.intent.action.MAIN cat=[android.intent.category.LAUNCHER] cmp=com.example.lunchtray/androidx.fragment.app.testing.FragmentScenario$EmptyFragmentActivity (has extras) }, activity.getIntent()=Intent { act=android.intent.action.MAIN cat=[android.intent.category.LAUNCHER] cmp=com.example.lunchtray/.MainActivity }, activity=com.example.lunchtray.MainActivity@5f6d4de
02-03 18:24:07.295 12838 12838 V ActivityScenario: Activity lifecycle changed event received but ignored because the reported transition was not ON_CREATE while the last known transition was PRE_ON_CREATE
02-03 18:24:07.311 12838 12838 D LifecycleMonitor: Lifecycle status change: com.example.lunchtray.MainActivity@5f6d4de in: CREATED
02-03 18:24:07.312 12838 12838 V ActivityScenario: Activity lifecycle changed event received but ignored because the intent does not match. startActivityIntent=Intent { act=android.intent.action.MAIN cat=[android.intent.category.LAUNCHER] cmp=com.example.lunchtray/androidx.fragment.app.testing.FragmentScenario$EmptyFragmentActivity (has extras) }, activity.getIntent()=Intent { act=android.intent.action.MAIN cat=[android.intent.category.LAUNCHER] cmp=com.example.lunchtray/.MainActivity }, activity=com.example.lunchtray.MainActivity@5f6d4de
02-03 18:24:07.312 12838 12838 V ActivityScenario: Update currentActivityStage to CREATED, currentActivity=com.example.lunchtray.MainActivity@5f6d4de
02-03 18:24:07.320 12838 12838 D LifecycleMonitor: Lifecycle status change: com.example.lunchtray.MainActivity@5f6d4de in: STARTED
02-03 18:24:07.321 12838 12838 V ActivityScenario: Activity lifecycle changed event received but ignored because the intent does not match. startActivityIntent=Intent { act=android.intent.action.MAIN cat=[android.intent.category.LAUNCHER] cmp=com.example.lunchtray/androidx.fragment.app.testing.FragmentScenario$EmptyFragmentActivity (has extras) }, activity.getIntent()=Intent { act=android.intent.action.MAIN cat=[android.intent.category.LAUNCHER] cmp=com.example.lunchtray/.MainActivity }, activity=com.example.lunchtray.MainActivity@5f6d4de
02-03 18:24:07.321 12838 12838 V ActivityScenario: Update currentActivityStage to STARTED, currentActivity=com.example.lunchtray.MainActivity@5f6d4de
02-03 18:24:07.322 12838 12838 D LifecycleMonitor: Lifecycle status change: com.example.lunchtray.MainActivity@5f6d4de in: RESUMED
02-03 18:24:07.322 12838 12838 V ActivityScenario: Activity lifecycle changed event received but ignored because the intent does not match. startActivityIntent=Intent { act=android.intent.action.MAIN cat=[android.intent.category.LAUNCHER] cmp=com.example.lunchtray/androidx.fragment.app.testing.FragmentScenario$EmptyFragmentActivity (has extras) }, activity.getIntent()=Intent { act=android.intent.action.MAIN cat=[android.intent.category.LAUNCHER] cmp=com.example.lunchtray/.MainActivity }, activity=com.example.lunchtray.MainActivity@5f6d4de
02-03 18:24:07.323 12838 12838 V ActivityScenario: Update currentActivityStage to RESUMED, currentActivity=com.example.lunchtray.MainActivity@5f6d4de
02-03 18:24:07.330 12838 12838 D LifecycleMonitor: Lifecycle status change: androidx.test.core.app.InstrumentationActivityInvoker$BootstrapActivity@9f5e465 in: STOPPED
02-03 18:24:07.330 12838 12838 V ActivityScenario: Activity lifecycle changed event received but ignored because the intent does not match. startActivityIntent=Intent { act=android.intent.action.MAIN cat=[android.intent.category.LAUNCHER] cmp=com.example.lunchtray/androidx.fragment.app.testing.FragmentScenario$EmptyFragmentActivity (has extras) }, activity.getIntent()=Intent { act=android.intent.action.MAIN cat=[android.intent.category.LAUNCHER] flg=0x10008000 cmp=com.example.lunchtray/androidx.test.core.app.InstrumentationActivityInvoker$BootstrapActivity (has extras) }, activity=androidx.test.core.app.InstrumentationActivityInvoker$BootstrapActivity@9f5e465
02-03 18:24:07.330 12838 12838 V ActivityScenario: Activity lifecycle changed event received but ignored because the intent does not match. startActivityIntent=Intent { act=android.intent.action.MAIN cat=[android.intent.category.LAUNCHER] cmp=com.example.lunchtray/.MainActivity }, activity.getIntent()=Intent { act=android.intent.action.MAIN cat=[android.intent.category.LAUNCHER] flg=0x10008000 cmp=com.example.lunchtray/androidx.test.core.app.InstrumentationActivityInvoker$BootstrapActivity (has extras) }, activity=androidx.test.core.app.InstrumentationActivityInvoker$BootstrapActivity@9f5e465
02-03 18:24:07.340   407  7527 D goldfish-address-space: claimShared: Ask to claim region [0x3f20a8000 0x3f2a4c000]
02-03 18:24:07.342   407  7527 D goldfish-address-space: claimShared: Ask to claim region [0x3f2a4c000 0x3f33f0000]
02-03 18:24:07.342   407  7527 D goldfish-address-space: claimShared: Ask to claim region [0x3f33f0000 0x3f3d94000]
02-03 18:24:07.346 12838 12863 W Parcel  : Expecting binder but got null!
02-03 18:24:07.348   442   483 W TransactionTracing: Could not find layer handle 0x75dd172a9650
02-03 18:24:07.349   442   483 W TransactionTracing: Could not find layer handle 0x75dd172ada30
02-03 18:24:07.351   608   629 W ziparchive: Unable to open '/data/app/~~H1IKnu5F9-DLteYoFe1Z2w==/com.example.lunchtray-OHatuIwYB00o5dQvqdXLDA==/base.dm': No such file or directory
02-03 18:24:07.352 12838 12838 D RootViewPicker: Root not ready - waiting: 10ms for one to appear.
02-03 18:24:07.352   608   629 I ActivityTaskManager: Displayed com.example.lunchtray/.MainActivity: +100ms
02-03 18:24:07.363 12838 12838 D RootViewPicker: Root not ready - waiting: 25ms for one to appear.
02-03 18:24:07.365  1712  1712 I GsaVoiceInteractionSrv: Handling ACTION_STOP_HOTWORD
02-03 18:24:07.365  1712  2398 E HwDetectorWithState: a: 3
02-03 18:24:07.391   811   937 D SplashScreenView: Build android.window.SplashScreenView{b548444 V.E...... ......ID 0,0-0,0}
02-03 18:24:07.391   811   937 D SplashScreenView: Icon: view: null drawable: null size: 0
02-03 18:24:07.391   811   937 D SplashScreenView: Branding: view: android.view.View{3e1392d G.ED..... ......I. 0,0-0,0 #10204db android:id/splashscreen_branding_view} drawable: null size w: 0 h: 0
02-03 18:24:07.392 12838 12838 D RootViewPicker: Root not ready - waiting: 50ms for one to appear.
02-03 18:24:07.410  1547  1547 I GoogleInputMethodService: GoogleInputMethodService.onFinishInput():3220
02-03 18:24:07.411  1547  1547 I GoogleInputMethodService: GoogleInputMethodService.updateDeviceLockedStatus():2114 repeatCheckTimes = 0, unlocked = true
02-03 18:24:07.411  1547  1547 I GoogleInputMethodService: GoogleInputMethodService.onStartInput():1919 onStartInput(EditorInfo{inputType=0x0(NULL) imeOptions=0x0 privateImeOptions=null actionName=UNSPECIFIED actionLabel=null actionId=0 initialSelStart=-1 initialSelEnd=-1 initialCapsMode=0x0 hintText=null label=null packageName=com.example.lunchtray fieldId=-1 fieldName=null extras=null}, false)
02-03 18:24:07.412  1547  1547 I GoogleInputMethodService: GoogleInputMethodService.updateDeviceLockedStatus():2114 repeatCheckTimes = 2, unlocked = true
02-03 18:24:07.515   442   483 W TransactionTracing: Could not find layer handle 0x75dd172a7f70
02-03 18:24:07.560 12838 12838 I ViewInteraction: Performing 'single click' action on view view.getId() is <2131231208/com.example.lunchtray:id/start_order_btn>
02-03 18:24:07.562  1184  1184 D TaplEvents: TIS / TouchInteractionService.onInputEvent: MotionEvent { action=ACTION_DOWN, actionButton=0, id[0]=0, x[0]=540.0, y[0]=1292.5, toolType[0]=TOOL_TYPE_UNKNOWN, buttonState=BUTTON_PRIMARY, classification=NONE, metaState=0, flags=0x0, edgeFlags=0x0, pointerCount=1, historySize=0, eventTime=51776365, downTime=51776365, deviceId=-1, source=0x1002, displayId=0, eventId=-1019166094 }
02-03 18:24:07.563 12838 12838 D AutofillManager: Fill dialog is enabled:false, hints=[password, passwordAuto, creditCardNumber, creditCardSecurityCode, creditCardExpirationDate]
02-03 18:24:07.582   442   483 W TransactionTracing: Could not find layer id -1
02-03 18:24:07.582   442   483 W TransactionTracing: Could not find layer id -1
02-03 18:24:07.582   442   483 W TransactionTracing: Could not find layer id -1
02-03 18:24:07.652   946  1229 D BtGatt.ScanManager: uid 10105 isForeground true scanMode -1
02-03 18:24:07.652   946  1229 D BtGatt.ScanManager: uid 10105 isForeground true scanMode -1
02-03 18:24:07.699   442   483 W TransactionTracing: Could not find layer handle 0x75dd172af170
02-03 18:24:07.699   442   483 W TransactionTracing: Could not find layer handle 0x75dd172ac590
02-03 18:24:07.707  1184  1184 D TaplEvents: TIS / TouchInteractionService.onInputEvent: MotionEvent { action=ACTION_UP, actionButton=0, id[0]=0, x[0]=540.0, y[0]=1292.5, toolType[0]=TOOL_TYPE_FINGER, buttonState=BUTTON_PRIMARY, classification=NONE, metaState=0, flags=0x0, edgeFlags=0x0, pointerCount=1, historySize=0, eventTime=51776510, downTime=51776365, deviceId=-1, source=0x1002, displayId=0, eventId=-723473171 }
02-03 18:24:07.782   442   483 W TransactionTracing: Could not find layer id -1
02-03 18:24:07.916   811   972 D EGL_emulation: app_time_stats: avg=6.14ms min=0.98ms max=45.41ms count=36
02-03 18:24:08.089 12838 12838 I ViewInteraction: Performing 'single click' action on view view.getId() is <2131230844/com.example.lunchtray:id/cauliflower>
02-03 18:24:08.090  1184  1184 D TaplEvents: TIS / TouchInteractionService.onInputEvent: MotionEvent { action=ACTION_DOWN, actionButton=0, id[0]=0, x[0]=206.0, y[0]=355.5, toolType[0]=TOOL_TYPE_UNKNOWN, buttonState=BUTTON_PRIMARY, classification=NONE, metaState=0, flags=0x0, edgeFlags=0x0, pointerCount=1, historySize=0, eventTime=51776893, downTime=51776893, deviceId=-1, source=0x1002, displayId=0, eventId=-311344081 }
02-03 18:24:08.131  1184  1184 D TaplEvents: TIS / TouchInteractionService.onInputEvent: MotionEvent { action=ACTION_UP, actionButton=0, id[0]=0, x[0]=206.0, y[0]=355.5, toolType[0]=TOOL_TYPE_FINGER, buttonState=BUTTON_PRIMARY, classification=NONE, metaState=0, flags=0x0, edgeFlags=0x0, pointerCount=1, historySize=0, eventTime=51776934, downTime=51776893, deviceId=-1, source=0x1002, displayId=0, eventId=-774259301 }
02-03 18:24:08.372 12838 12863 D EGL_emulation: app_time_stats: avg=12.32ms min=0.99ms max=246.81ms count=30
02-03 18:24:08.438 12838 12838 I ViewInteraction: Performing 'single click' action on view view.getId() is <2131231081/com.example.lunchtray:id/next_button>
02-03 18:24:08.440  1184  1184 D TaplEvents: TIS / TouchInteractionService.onInputEvent: MotionEvent { action=ACTION_DOWN, actionButton=0, id[0]=0, x[0]=798.5, y[0]=1788.5, toolType[0]=TOOL_TYPE_UNKNOWN, buttonState=BUTTON_PRIMARY, classification=NONE, metaState=0, flags=0x0, edgeFlags=0x0, pointerCount=1, historySize=0, eventTime=51777243, downTime=51777243, deviceId=-1, source=0x1002, displayId=0, eventId=-544755960 }
02-03 18:24:08.481  1184  1184 D TaplEvents: TIS / TouchInteractionService.onInputEvent: MotionEvent { action=ACTION_UP, actionButton=0, id[0]=0, x[0]=798.5, y[0]=1788.5, toolType[0]=TOOL_TYPE_FINGER, buttonState=BUTTON_PRIMARY, classification=NONE, metaState=0, flags=0x0, edgeFlags=0x0, pointerCount=1, historySize=0, eventTime=51777284, downTime=51777243, deviceId=-1, source=0x1002, displayId=0, eventId=-1035028969 }
02-03 18:24:08.910 12838 12838 I ViewInteraction: Performing 'single click' action on view view.getId() is <2131231187/com.example.lunchtray:id/soup>
02-03 18:24:08.911  1184  1184 D TaplEvents: TIS / TouchInteractionService.onInputEvent: MotionEvent { action=ACTION_DOWN, actionButton=0, id[0]=0, x[0]=325.5, y[0]=686.5, toolType[0]=TOOL_TYPE_UNKNOWN, buttonState=BUTTON_PRIMARY, classification=NONE, metaState=0, flags=0x0, edgeFlags=0x0, pointerCount=1, historySize=0, eventTime=51777714, downTime=51777714, deviceId=-1, source=0x1002, displayId=0, eventId=-702823977 }
02-03 18:24:08.952  1184  1184 D TaplEvents: TIS / TouchInteractionService.onInputEvent: MotionEvent { action=ACTION_UP, actionButton=0, id[0]=0, x[0]=325.5, y[0]=686.5, toolType[0]=TOOL_TYPE_FINGER, buttonState=BUTTON_PRIMARY, classification=NONE, metaState=0, flags=0x0, edgeFlags=0x0, pointerCount=1, historySize=0, eventTime=51777756, downTime=51777714, deviceId=-1, source=0x1002, displayId=0, eventId=-378392798 }
02-03 18:24:09.254 12838 12838 I ViewInteraction: Performing 'single click' action on view view.getId() is <2131230842/com.example.lunchtray:id/cancel_button>
02-03 18:24:09.256  1184  1184 D TaplEvents: TIS / TouchInteractionService.onInputEvent: MotionEvent { action=ACTION_DOWN, actionButton=0, id[0]=0, x[0]=280.5, y[0]=1742.5, toolType[0]=TOOL_TYPE_UNKNOWN, buttonState=BUTTON_PRIMARY, classification=NONE, metaState=0, flags=0x0, edgeFlags=0x0, pointerCount=1, historySize=0, eventTime=51778059, downTime=51778059, deviceId=-1, source=0x1002, displayId=0, eventId=-294113610 }
02-03 18:24:09.295  1184  1184 D TaplEvents: TIS / TouchInteractionService.onInputEvent: MotionEvent { action=ACTION_UP, actionButton=0, id[0]=0, x[0]=280.5, y[0]=1742.5, toolType[0]=TOOL_TYPE_FINGER, buttonState=BUTTON_PRIMARY, classification=NONE, metaState=0, flags=0x0, edgeFlags=0x0, pointerCount=1, historySize=0, eventTime=51778099, downTime=51778059, deviceId=-1, source=0x1002, displayId=0, eventId=-100742357 }
02-03 18:24:09.389 12838 12863 D EGL_emulation: app_time_stats: avg=11.66ms min=1.54ms max=247.81ms count=29
02-03 18:24:09.448   442   483 W TransactionTracing: Could not find layer id -1
02-03 18:24:09.448   442   483 W TransactionTracing: Could not find layer id -1
02-03 18:24:09.448   442   483 W TransactionTracing: Could not find layer id -1
02-03 18:24:09.448   442   483 W TransactionTracing: Could not find layer id -1
02-03 18:24:09.721 12838 12838 I ViewInteraction: Performing 'single click' action on view view.getId() is <2131231208/com.example.lunchtray:id/start_order_btn>
02-03 18:24:09.723  1184  1184 D TaplEvents: TIS / TouchInteractionService.onInputEvent: MotionEvent { action=ACTION_DOWN, actionButton=0, id[0]=0, x[0]=540.0, y[0]=1292.5, toolType[0]=TOOL_TYPE_UNKNOWN, buttonState=BUTTON_PRIMARY, classification=NONE, metaState=0, flags=0x0, edgeFlags=0x0, pointerCount=1, historySize=0, eventTime=51778526, downTime=51778526, deviceId=-1, source=0x1002, displayId=0, eventId=-870979038 }
02-03 18:24:09.765  1184  1184 D TaplEvents: TIS / TouchInteractionService.onInputEvent: MotionEvent { action=ACTION_UP, actionButton=0, id[0]=0, x[0]=540.0, y[0]=1292.5, toolType[0]=TOOL_TYPE_FINGER, buttonState=BUTTON_PRIMARY, classification=NONE, metaState=0, flags=0x0, edgeFlags=0x0, pointerCount=1, historySize=0, eventTime=51778568, downTime=51778526, deviceId=-1, source=0x1002, displayId=0, eventId=-13705050 }
02-03 18:24:10.073 12838 12838 I ViewInteraction: Checking 'MatchesViewAssertion{viewMatcher=(view has effective visibility <VISIBLE> and view.getGlobalVisibleRect() to return non-empty rectangle)}' assertion on view an instance of android.widget.TextView and view.getText() with or without transformation to match: is "Subtotal: $0.00"
02-03 18:24:10.073 12838 12861 I TestRunner: finished: order_reset_after_cancel_from_side_menu(com.example.lunchtray.OrderFunctionalityTests)
